Archive member included to satisfy reference by file (symbol)

C:/Users/DELL/Desktop/ES Lab/tivac_EK-TM4C1294XL_core/Debug\libtivac_EK-TM4C1294XL_core.a(startup_gcc.o)
                              (ResetISR)
C:/Users/DELL/Desktop/ES Lab/tivac_EK-TM4C1294XL_core/Debug\libtivac_EK-TM4C1294XL_core.a(WInterrupts.o)
                              C:/Users/DELL/Desktop/ES Lab/tivac_EK-TM4C1294XL_core/Debug\libtivac_EK-TM4C1294XL_core.a(startup_gcc.o) (GPIOAIntHandler)
C:/Users/DELL/Desktop/ES Lab/tivac_EK-TM4C1294XL_core/Debug\libtivac_EK-TM4C1294XL_core.a(wiring.o)
                              C:/Users/DELL/Desktop/ES Lab/tivac_EK-TM4C1294XL_core/Debug\libtivac_EK-TM4C1294XL_core.a(startup_gcc.o) (SysTickIntHandler)
C:/Users/DELL/Desktop/ES Lab/tivac_EK-TM4C1294XL_core/Debug\libtivac_EK-TM4C1294XL_core.a(wiring_analog.o)
                              ./lab2_assignment2.o (analogRead)
C:/Users/DELL/Desktop/ES Lab/tivac_EK-TM4C1294XL_core/Debug\libtivac_EK-TM4C1294XL_core.a(wiring_digital.o)
                              C:/Users/DELL/Desktop/ES Lab/tivac_EK-TM4C1294XL_core/Debug\libtivac_EK-TM4C1294XL_core.a(wiring_analog.o) (pinMode)
C:/Users/DELL/Desktop/ES Lab/tivac_EK-TM4C1294XL_core/Debug\libtivac_EK-TM4C1294XL_core.a(main.o)
                              C:/Users/DELL/Desktop/ES Lab/tivac_EK-TM4C1294XL_core/Debug\libtivac_EK-TM4C1294XL_core.a(startup_gcc.o) (_init)
C:/Users/DELL/Desktop/ES Lab/tivac_EK-TM4C1294XL_core/Debug\libtivac_EK-TM4C1294XL_core.a(WMath.o)
                              ./lab2_assignment2.o (map(long, long, long, long, long))
C:/Users/DELL/Desktop/ES Lab/tivac_EK-TM4C1294XL_core/Debug\libtivac_EK-TM4C1294XL_core.a(random.o)
                              C:/Users/DELL/Desktop/ES Lab/tivac_EK-TM4C1294XL_core/Debug\libtivac_EK-TM4C1294XL_core.a(WMath.o) (random)
C:/Users/DELL/AppData/Local/Energia15/packages/energia/hardware/tivac/1.0.3/system/driverlib\libdriverlib.a(eeprom.o)
                              C:/Users/DELL/Desktop/ES Lab/tivac_EK-TM4C1294XL_core/Debug\libtivac_EK-TM4C1294XL_core.a(main.o) (EEPROMMassErase)
C:/Users/DELL/AppData/Local/Energia15/packages/energia/hardware/tivac/1.0.3/system/driverlib\libdriverlib.a(gpio.o)
                              C:/Users/DELL/Desktop/ES Lab/tivac_EK-TM4C1294XL_core/Debug\libtivac_EK-TM4C1294XL_core.a(wiring_digital.o) (GPIOPadConfigSet)
C:/Users/DELL/AppData/Local/Energia15/packages/energia/hardware/tivac/1.0.3/system/driverlib\libdriverlib.a(interrupt.o)
                              C:/Users/DELL/AppData/Local/Energia15/packages/energia/hardware/tivac/1.0.3/system/driverlib\libdriverlib.a(gpio.o) (IntRegister)
C:/Users/DELL/AppData/Local/Energia15/packages/energia/hardware/tivac/1.0.3/system/driverlib\libdriverlib.a(pwm.o)
                              ./lab2_assignment2.o (PWMGenConfigure)
C:/Users/DELL/AppData/Local/Energia15/packages/energia/hardware/tivac/1.0.3/system/driverlib\libdriverlib.a(sysctl.o)
                              ./drivers/uartstdio.o (SysCtlPeripheralPresent)
C:/Users/DELL/AppData/Local/Energia15/packages/energia/hardware/tivac/1.0.3/system/driverlib\libdriverlib.a(uart.o)
                              ./drivers/uartstdio.o (UARTEnable)
C:/Users/DELL/AppData/Local/Energia15/packages/energia/hardware/tivac/1.0.3/system/driverlib\libdriverlib.a(cpu.o)
                              C:/Users/DELL/AppData/Local/Energia15/packages/energia/hardware/tivac/1.0.3/system/driverlib\libdriverlib.a(interrupt.o) (CPUcpsid)

Discarded input sections

 .text          0x00000000        0x0 ./drivers/uartstdio.o
 .data          0x00000000        0x0 ./drivers/uartstdio.o
 .bss           0x00000000        0x0 ./drivers/uartstdio.o
 .text.UARTgets
                0x00000000       0x84 ./drivers/uartstdio.o
 .text.UARTgetc
                0x00000000       0x14 ./drivers/uartstdio.o
 .bss.bLastWasCR.5616
                0x00000000        0x1 ./drivers/uartstdio.o
 .rodata.UARTgets.str1.1
                0x00000000        0x7 ./drivers/uartstdio.o
 .text          0x00000000        0x0 ./lab2_assignment2.o
 .data          0x00000000        0x0 ./lab2_assignment2.o
 .bss           0x00000000        0x0 ./lab2_assignment2.o
 .bss.systemClock
                0x00000000        0x4 ./lab2_assignment2.o
 .bss.x00       0x00000000        0x2 ./lab2_assignment2.o
 .bss.y00       0x00000000        0x2 ./lab2_assignment2.o
 .text          0x00000000        0x0 C:/Users/DELL/Desktop/ES Lab/tivac_EK-TM4C1294XL_core/Debug\libtivac_EK-TM4C1294XL_core.a(startup_gcc.o)
 .data          0x00000000        0x0 C:/Users/DELL/Desktop/ES Lab/tivac_EK-TM4C1294XL_core/Debug\libtivac_EK-TM4C1294XL_core.a(startup_gcc.o)
 .bss           0x00000000        0x0 C:/Users/DELL/Desktop/ES Lab/tivac_EK-TM4C1294XL_core/Debug\libtivac_EK-TM4C1294XL_core.a(startup_gcc.o)
 .text.I2CIntHandler
                0x00000000        0x2 C:/Users/DELL/Desktop/ES Lab/tivac_EK-TM4C1294XL_core/Debug\libtivac_EK-TM4C1294XL_core.a(startup_gcc.o)
[...]
Memory Configuration

Name             Origin             Length             Attributes
flash            0x00000000         0x00100000         xr
ram              0x20000000         0x00040000         xrw
*default*        0x00000000         0xffffffff

Linker script and memory map

LOAD ./drivers/uartstdio.o
LOAD ./lab2_assignment2.o
START GROUP

.text           0x00000000     0x1868
                0x00000000                . = ALIGN (0x4)
                0x00000000                _text = .
 *(.isr_vector)
 .isr_vector    0x00000000      0x200 C:/Users/DELL/Desktop/ES Lab/tivac_EK-TM4C1294XL_core/Debug\libtivac_EK-TM4C1294XL_core.a(startup_gcc.o)
                0x00000000                g_pfnVectors
 *(.text .text* .gnu.linkonce.t.*)
 .text.UARTStdioConfig
                0x00000200       0x50 ./drivers/uartstdio.o
                0x00000200                UARTStdioConfig
 .text.UARTwrite
                0x00000250       0x38 ./drivers/uartstdio.o
                0x00000250                UARTwrite
 .text.UARTvprintf
                0x00000288      0x1a8 ./drivers/uartstdio.o
                0x00000288                UARTvprintf
 .text.UARTprintf
                0x00000430       0x1a ./drivers/uartstdio.o
                0x00000430                UARTprintf
 *fill*         0x0000044a        0x2 
 .text.loop     0x0000044c      0x154 ./lab2_assignment2.o
                0x0000044c                loop
 .text._Z13ConfigureUARTv
                0x000005a0       0x5c ./lab2_assignment2.o
                0x000005a0                ConfigureUART()
 .text._Z12ConfigurePWMPf
                0x000005fc       0x9c ./lab2_assignment2.o
                0x000005fc                ConfigurePWM(float*)
 .text.setup    0x00000698       0x20 ./lab2_assignment2.o
                0x00000698                setup
 .text.NmiSR    0x000006b8        0x2 C:/Users/DELL/Desktop/ES Lab/tivac_EK-TM4C1294XL_core/Debug\libtivac_EK-TM4C1294XL_core.a(startup_gcc.o)
 .text.FaultISR
                0x000006ba        0x2 C:/Users/DELL/Desktop/ES Lab/tivac_EK-TM4C1294XL_core/Debug\libtivac_EK-TM4C1294XL_core.a(startup_gcc.o)
 .text.IntDefaultHandler
                0x000006bc        0x2 C:/Users/DELL/Desktop/ES Lab/tivac_EK-TM4C1294XL_core/Debug\libtivac_EK-TM4C1294XL_core.a(startup_gcc.o)
 *fill*         0x000006be        0x2 
 .text.ResetISR
                0x000006c0       0x98 C:/Users/DELL/Desktop/ES Lab/tivac_EK-TM4C1294XL_core/Debug\libtivac_EK-TM4C1294XL_core.a(startup_gcc.o)
                0x000006c0                ResetISR
 .text.ToneIntHandler
                0x00000758        0x2 C:/Users/DELL/Desktop/ES Lab/tivac_EK-TM4C1294XL_core/Debug\libtivac_EK-TM4C1294XL_core.a(startup_gcc.o)
                0x00000758                ToneIntHandler
 .text.UARTIntHandler
                0x0000075a        0x2 C:/Users/DELL/Desktop/ES Lab/tivac_EK-TM4C1294XL_core/Debug\libtivac_EK-TM4C1294XL_core.a(startup_gcc.o)
                0x0000075a                UARTIntHandler
 .text.UARTIntHandler1
                0x0000075c        0x2 C:/Users/DELL/Desktop/ES Lab/tivac_EK-TM4C1294XL_core/Debug\libtivac_EK-TM4C1294XL_core.a(startup_gcc.o)
                0x0000075c                UARTIntHandler1
 .text.UARTIntHandler2
                0x0000075e        0x2 C:/Users/DELL/Desktop/ES Lab/tivac_EK-TM4C1294XL_core/Debug\libtivac_EK-TM4C1294XL_core.a(startup_gcc.o)
                0x0000075e                UARTIntHandler2
 .text.UARTIntHandler3
                0x00000760        0x2 C:/Users/DELL/Desktop/ES Lab/tivac_EK-TM4C1294XL_core/Debug\libtivac_EK-TM4C1294XL_core.a(startup_gcc.o)
                0x00000760                UARTIntHandler3
 .text.UARTIntHandler4
                0x00000762        0x2 C:/Users/DELL/Desktop/ES Lab/tivac_EK-TM4C1294XL_core/Debug\libtivac_EK-TM4C1294XL_core.a(startup_gcc.o)
                0x00000762                UARTIntHandler4
 .text.UARTIntHandler5
                0x00000764        0x2 C:/Users/DELL/Desktop/ES Lab/tivac_EK-TM4C1294XL_core/Debug\libtivac_EK-TM4C1294XL_core.a(startup_gcc.o)
                0x00000764                UARTIntHandler5
 .text.UARTIntHandler6
                0x00000766        0x2 C:/Users/DELL/Desktop/ES Lab/tivac_EK-TM4C1294XL_core/Debug\libtivac_EK-TM4C1294XL_core.a(startup_gcc.o)
                0x00000766                UARTIntHandler6
 .text.UARTIntHandler7
                0x00000768        0x2 C:/Users/DELL/Desktop/ES Lab/tivac_EK-TM4C1294XL_core/Debug\libtivac_EK-TM4C1294XL_core.a(startup_gcc.o)
                0x00000768                UARTIntHandler7
 .text.GPIOXIntHandler
                0x0000076a       0x30 C:/Users/DELL/Desktop/ES Lab/tivac_EK-TM4C1294XL_core/Debug\libtivac_EK-TM4C1294XL_core.a(WInterrupts.o)
                0x0000076a                GPIOXIntHandler
 *fill*         0x0000079a        0x2 
 .text.GPIOAIntHandler
                0x0000079c       0x10 C:/Users/DELL/Desktop/ES Lab/tivac_EK-TM4C1294XL_core/Debug\libtivac_EK-TM4C1294XL_core.a(WInterrupts.o)
                0x0000079c                GPIOAIntHandler
 .text.GPIOBIntHandler
                0x000007ac       0x10 C:/Users/DELL/Desktop/ES Lab/tivac_EK-TM4C1294XL_core/Debug\libtivac_EK-TM4C1294XL_core.a(WInterrupts.o)
                0x000007ac                GPIOBIntHandler
 .text.GPIOCIntHandler
                0x000007bc       0x10 C:/Users/DELL/Desktop/ES Lab/tivac_EK-TM4C1294XL_core/Debug\libtivac_EK-TM4C1294XL_core.a(WInterrupts.o)
                0x000007bc                GPIOCIntHandler
 .text.GPIODIntHandler
                0x000007cc       0x10 C:/Users/DELL/Desktop/ES Lab/tivac_EK-TM4C1294XL_core/Debug\libtivac_EK-TM4C1294XL_core.a(WInterrupts.o)
                0x000007cc                GPIODIntHandler
 .text.GPIOEIntHandler
                0x000007dc       0x10 C:/Users/DELL/Desktop/ES Lab/tivac_EK-TM4C1294XL_core/Debug\libtivac_EK-TM4C1294XL_core.a(WInterrupts.o)
                0x000007dc                GPIOEIntHandler
 .text.GPIOFIntHandler
                0x000007ec       0x10 C:/Users/DELL/Desktop/ES Lab/tivac_EK-TM4C1294XL_core/Debug\libtivac_EK-TM4C1294XL_core.a(WInterrupts.o)
                0x000007ec                GPIOFIntHandler
 .text.GPIOGIntHandler
                0x000007fc       0x10 C:/Users/DELL/Desktop/ES Lab/tivac_EK-TM4C1294XL_core/Debug\libtivac_EK-TM4C1294XL_core.a(WInterrupts.o)
                0x000007fc                GPIOGIntHandler
 .text.GPIOHIntHandler
                0x0000080c       0x10 C:/Users/DELL/Desktop/ES Lab/tivac_EK-TM4C1294XL_core/Debug\libtivac_EK-TM4C1294XL_core.a(WInterrupts.o)
                0x0000080c                GPIOHIntHandler
 .text.GPIOJIntHandler
                0x0000081c       0x10 C:/Users/DELL/Desktop/ES Lab/tivac_EK-TM4C1294XL_core/Debug\libtivac_EK-TM4C1294XL_core.a(WInterrupts.o)
                0x0000081c                GPIOJIntHandler
 .text.GPIOKIntHandler
                0x0000082c       0x10 C:/Users/DELL/Desktop/ES Lab/tivac_EK-TM4C1294XL_core/Debug\libtivac_EK-TM4C1294XL_core.a(WInterrupts.o)
                0x0000082c                GPIOKIntHandler
 .text.GPIOLIntHandler
                0x0000083c       0x10 C:/Users/DELL/Desktop/ES Lab/tivac_EK-TM4C1294XL_core/Debug\libtivac_EK-TM4C1294XL_core.a(WInterrupts.o)
                0x0000083c                GPIOLIntHandler
 .text.GPIOMIntHandler
                0x0000084c       0x10 C:/Users/DELL/Desktop/ES Lab/tivac_EK-TM4C1294XL_core/Debug\libtivac_EK-TM4C1294XL_core.a(WInterrupts.o)
                0x0000084c                GPIOMIntHandler
 .text.GPIONIntHandler
                0x0000085c       0x10 C:/Users/DELL/Desktop/ES Lab/tivac_EK-TM4C1294XL_core/Debug\libtivac_EK-TM4C1294XL_core.a(WInterrupts.o)
                0x0000085c                GPIONIntHandler
 .text.GPIOPIntHandler
                0x0000086c       0x10 C:/Users/DELL/Desktop/ES Lab/tivac_EK-TM4C1294XL_core/Debug\libtivac_EK-TM4C1294XL_core.a(WInterrupts.o)
                0x0000086c                GPIOPIntHandler
 .text.GPIOQIntHandler
                0x0000087c       0x10 C:/Users/DELL/Desktop/ES Lab/tivac_EK-TM4C1294XL_core/Debug\libtivac_EK-TM4C1294XL_core.a(WInterrupts.o)
                0x0000087c                GPIOQIntHandler
 .text.GPIORIntHandler
                0x0000088c       0x10 C:/Users/DELL/Desktop/ES Lab/tivac_EK-TM4C1294XL_core/Debug\libtivac_EK-TM4C1294XL_core.a(WInterrupts.o)
                0x0000088c                GPIORIntHandler
 .text.GPIOSIntHandler
                0x0000089c       0x10 C:/Users/DELL/Desktop/ES Lab/tivac_EK-TM4C1294XL_core/Debug\libtivac_EK-TM4C1294XL_core.a(WInterrupts.o)
                0x0000089c                GPIOSIntHandler
 .text.GPIOTIntHandler
                0x000008ac       0x10 C:/Users/DELL/Desktop/ES Lab/tivac_EK-TM4C1294XL_core/Debug\libtivac_EK-TM4C1294XL_core.a(WInterrupts.o)
                0x000008ac                GPIOTIntHandler
 .text.timerInit
                0x000008bc       0x5c C:/Users/DELL/Desktop/ES Lab/tivac_EK-TM4C1294XL_core/Debug\libtivac_EK-TM4C1294XL_core.a(wiring.o)
                0x000008bc                timerInit
 .text.SysTickIntHandler
                0x00000918       0x28 C:/Users/DELL/Desktop/ES Lab/tivac_EK-TM4C1294XL_core/Debug\libtivac_EK-TM4C1294XL_core.a(wiring.o)
                0x00000918                SysTickIntHandler
 .text.analogRead
                0x00000940       0xe4 C:/Users/DELL/Desktop/ES Lab/tivac_EK-TM4C1294XL_core/Debug\libtivac_EK-TM4C1294XL_core.a(wiring_analog.o)
                0x00000940                analogRead
 .text._init    0x00000a24      0x15c C:/Users/DELL/Desktop/ES Lab/tivac_EK-TM4C1294XL_core/Debug\libtivac_EK-TM4C1294XL_core.a(main.o)
                0x00000a24                _init
 .text.startup.main
                0x00000b80       0x1c C:/Users/DELL/Desktop/ES Lab/tivac_EK-TM4C1294XL_core/Debug\libtivac_EK-TM4C1294XL_core.a(main.o)
                0x00000b80                main
 .text._Z3maplllll
                0x00000b9c       0x14 C:/Users/DELL/Desktop/ES Lab/tivac_EK-TM4C1294XL_core/Debug\libtivac_EK-TM4C1294XL_core.a(WMath.o)
                0x00000b9c                map(long, long, long, long, long)
 .text._EEPROMWaitForDone
                0x00000bb0       0x10 C:/Users/DELL/AppData/Local/Energia15/packages/energia/hardware/tivac/1.0.3/system/driverlib\libdriverlib.a(eeprom.o)
 .text._EEPROMSectorMaskClear
                0x00000bc0       0x34 C:/Users/DELL/AppData/Local/Energia15/packages/energia/hardware/tivac/1.0.3/system/driverlib\libdriverlib.a(eeprom.o)
 .text.EEPROMMassErase
                0x00000bf4       0x58 C:/Users/DELL/AppData/Local/Energia15/packages/energia/hardware/tivac/1.0.3/system/driverlib\libdriverlib.a(eeprom.o)
                0x00000bf4                EEPROMMassErase
 .text.GPIODirModeSet
                0x00000c4c       0x2e C:/Users/DELL/AppData/Local/Energia15/packages/energia/hardware/tivac/1.0.3/system/driverlib\libdriverlib.a(gpio.o)
                0x00000c4c                GPIODirModeSet
 .text.GPIOPadConfigSet
                0x00000c7a      0x130 C:/Users/DELL/AppData/Local/Energia15/packages/energia/hardware/tivac/1.0.3/system/driverlib\libdriverlib.a(gpio.o)
                0x00000c7a                GPIOPadConfigSet
 .text.GPIOIntStatus
                0x00000daa        0xe C:/Users/DELL/AppData/Local/Energia15/packages/energia/hardware/tivac/1.0.3/system/driverlib\libdriverlib.a(gpio.o)
                0x00000daa                GPIOIntStatus
 .text.GPIOIntClear
                0x00000db8        0x6 C:/Users/DELL/AppData/Local/Energia15/packages/energia/hardware/tivac/1.0.3/system/driverlib\libdriverlib.a(gpio.o)
                0x00000db8                GPIOIntClear
 .text.GPIOPinWrite
                0x00000dbe        0x6 C:/Users/DELL/AppData/Local/Energia15/packages/energia/hardware/tivac/1.0.3/system/driverlib\libdriverlib.a(gpio.o)
                0x00000dbe                GPIOPinWrite
 .text.GPIOPinTypeGPIOOutput
                0x00000dc4       0x1c C:/Users/DELL/AppData/Local/Energia15/packages/energia/hardware/tivac/1.0.3/system/driverlib\libdriverlib.a(gpio.o)
                0x00000dc4                GPIOPinTypeGPIOOutput
 .text.GPIOPinTypePWM
                0x00000de0       0x1c C:/Users/DELL/AppData/Local/Energia15/packages/energia/hardware/tivac/1.0.3/system/driverlib\libdriverlib.a(gpio.o)
                0x00000de0                GPIOPinTypePWM
 .text.GPIOPinTypeUART
                0x00000dfc       0x1c C:/Users/DELL/AppData/Local/Energia15/packages/energia/hardware/tivac/1.0.3/system/driverlib\libdriverlib.a(gpio.o)
                0x00000dfc                GPIOPinTypeUART
 .text.GPIOPinConfigure
                0x00000e18       0x4c C:/Users/DELL/AppData/Local/Energia15/packages/energia/hardware/tivac/1.0.3/system/driverlib\libdriverlib.a(gpio.o)
                0x00000e18                GPIOPinConfigure
 .text.PWMGenConfigure
                0x00000e64       0x30 C:/Users/DELL/AppData/Local/Energia15/packages/energia/hardware/tivac/1.0.3/system/driverlib\libdriverlib.a(pwm.o)
                0x00000e64                PWMGenConfigure
 .text.PWMGenPeriodSet
                0x00000e94       0x12 C:/Users/DELL/AppData/Local/Energia15/packages/energia/hardware/tivac/1.0.3/system/driverlib\libdriverlib.a(pwm.o)
                0x00000e94                PWMGenPeriodSet
 .text.PWMGenEnable
                0x00000ea6        0xa C:/Users/DELL/AppData/Local/Energia15/packages/energia/hardware/tivac/1.0.3/system/driverlib\libdriverlib.a(pwm.o)
                0x00000ea6                PWMGenEnable
 .text.PWMPulseWidthSet
                0x00000eb0       0x1e C:/Users/DELL/AppData/Local/Energia15/packages/energia/hardware/tivac/1.0.3/system/driverlib\libdriverlib.a(pwm.o)
                0x00000eb0                PWMPulseWidthSet
 .text.PWMOutputState
                0x00000ece       0x10 C:/Users/DELL/AppData/Local/Energia15/packages/energia/hardware/tivac/1.0.3/system/driverlib\libdriverlib.a(pwm.o)
                0x00000ece                PWMOutputState
 *fill*         0x00000ede        0x2 
 .text._SysCtlMemTimingGet
                0x00000ee0       0x24 C:/Users/DELL/AppData/Local/Energia15/packages/energia/hardware/tivac/1.0.3/system/driverlib\libdriverlib.a(sysctl.o)
 .text.SysCtlPeripheralPresent
                0x00000f04       0x26 C:/Users/DELL/AppData/Local/Energia15/packages/energia/hardware/tivac/1.0.3/system/driverlib\libdriverlib.a(sysctl.o)
                0x00000f04                SysCtlPeripheralPresent
 .text.SysCtlPeripheralReady
                0x00000f2a       0x26 C:/Users/DELL/AppData/Local/Energia15/packages/energia/hardware/tivac/1.0.3/system/driverlib\libdriverlib.a(sysctl.o)
                0x00000f2a                SysCtlPeripheralReady
 .text.SysCtlPeripheralReset
                0x00000f50       0x3a C:/Users/DELL/AppData/Local/Energia15/packages/energia/hardware/tivac/1.0.3/system/driverlib\libdriverlib.a(sysctl.o)
                0x00000f50                SysCtlPeripheralReset
 .text.SysCtlPeripheralEnable
                0x00000f8a       0x22 C:/Users/DELL/AppData/Local/Energia15/packages/energia/hardware/tivac/1.0.3/system/driverlib\libdriverlib.a(sysctl.o)
                0x00000f8a                SysCtlPeripheralEnable
 .text.SysCtlPeripheralDisable
                0x00000fac       0x22 C:/Users/DELL/AppData/Local/Energia15/packages/energia/hardware/tivac/1.0.3/system/driverlib\libdriverlib.a(sysctl.o)
                0x00000fac                SysCtlPeripheralDisable
 *fill*         0x00000fce        0x2 
 .text.SysCtlDeepSleepPowerSet
                0x00000fd0        0xc C:/Users/DELL/AppData/Local/Energia15/packages/energia/hardware/tivac/1.0.3/system/driverlib\libdriverlib.a(sysctl.o)
                0x00000fd0                SysCtlDeepSleepPowerSet
 .text.SysCtlDelay
                0x00000fdc        0x8 C:/Users/DELL/AppData/Local/Energia15/packages/energia/hardware/tivac/1.0.3/system/driverlib\libdriverlib.a(sysctl.o)
                0x00000fdc                SysCtlDelay
 .text.SysCtlClockFreqSet
                0x00000fe4      0x248 C:/Users/DELL/AppData/Local/Energia15/packages/energia/hardware/tivac/1.0.3/system/driverlib\libdriverlib.a(sysctl.o)
                0x00000fe4                SysCtlClockFreqSet
 .text.SysCtlPWMClockSet
                0x0000122c       0x14 C:/Users/DELL/AppData/Local/Energia15/packages/energia/hardware/tivac/1.0.3/system/driverlib\libdriverlib.a(sysctl.o)
                0x0000122c                SysCtlPWMClockSet
 .text.UARTEnable
                0x00001240       0x16 C:/Users/DELL/AppData/Local/Energia15/packages/energia/hardware/tivac/1.0.3/system/driverlib\libdriverlib.a(uart.o)
                0x00001240                UARTEnable
 .text.UARTDisable
                0x00001256       0x1c C:/Users/DELL/AppData/Local/Energia15/packages/energia/hardware/tivac/1.0.3/system/driverlib\libdriverlib.a(uart.o)
                0x00001256                UARTDisable
 .text.UARTConfigSetExpClk
                0x00001272       0x48 C:/Users/DELL/AppData/Local/Energia15/packages/energia/hardware/tivac/1.0.3/system/driverlib\libdriverlib.a(uart.o)
                0x00001272                UARTConfigSetExpClk
 .text.UARTCharPut
                0x000012ba        0xa C:/Users/DELL/AppData/Local/Energia15/packages/energia/hardware/tivac/1.0.3/system/driverlib\libdriverlib.a(uart.o)
                0x000012ba                UARTCharPut
 .text.UARTClockSourceSet
                0x000012c4        0x6 C:/Users/DELL/AppData/Local/Energia15/packages/energia/hardware/tivac/1.0.3/system/driverlib\libdriverlib.a(uart.o)
                0x000012c4                UARTClockSourceSet
 *(.glue_7t)
 .glue_7t       0x000012ca        0x0 linker stubs
 *(.glue_7)
 .glue_7        0x000012ca        0x0 linker stubs
 *(.rodata .rodata* .gnu.linkonce.r.*)
 .rodata.UARTvprintf.str1.1
                0x000012ca       0x19 ./drivers/uartstdio.o
 *fill*         0x000012e3        0x1 
 .rodata.g_ui32UARTBase
                0x000012e4        0xc ./drivers/uartstdio.o
 .rodata.g_ui32UARTPeriph
                0x000012f0        0xc ./drivers/uartstdio.o
 .rodata.loop.str1.1
                0x000012fc        0x8 ./lab2_assignment2.o
 .rodata.digital_pin_to_analog_in
                0x00001304      0x180 C:/Users/DELL/Desktop/ES Lab/tivac_EK-TM4C1294XL_core/Debug\libtivac_EK-TM4C1294XL_core.a(wiring_digital.o)
                0x00001304                digital_pin_to_analog_in
 .rodata.digital_pin_to_bit_mask
                0x00001484       0x60 C:/Users/DELL/Desktop/ES Lab/tivac_EK-TM4C1294XL_core/Debug\libtivac_EK-TM4C1294XL_core.a(wiring_digital.o)
                0x00001484                digital_pin_to_bit_mask
 .rodata.digital_pin_to_port
                0x000014e4       0x60 C:/Users/DELL/Desktop/ES Lab/tivac_EK-TM4C1294XL_core/Debug\libtivac_EK-TM4C1294XL_core.a(wiring_digital.o)
                0x000014e4                digital_pin_to_port
 .rodata.port_to_base
                0x00001544       0x40 C:/Users/DELL/Desktop/ES Lab/tivac_EK-TM4C1294XL_core/Debug\libtivac_EK-TM4C1294XL_core.a(wiring_digital.o)
                0x00001544                port_to_base
 .rodata.g_pui32GPIOBaseAddrs
                0x00001584       0x90 C:/Users/DELL/AppData/Local/Energia15/packages/energia/hardware/tivac/1.0.3/system/driverlib\libdriverlib.a(gpio.o)
 .rodata.g_pppui32XTALtoVCO
                0x00001614      0x1b0 C:/Users/DELL/AppData/Local/Energia15/packages/energia/hardware/tivac/1.0.3/system/driverlib\libdriverlib.a(sysctl.o)
 .rodata.g_pui32VCOFrequencies
                0x000017c4        0x8 C:/Users/DELL/AppData/Local/Energia15/packages/energia/hardware/tivac/1.0.3/system/driverlib\libdriverlib.a(sysctl.o)
 .rodata.g_sXTALtoMEMTIM
                0x000017cc       0x30 C:/Users/DELL/AppData/Local/Energia15/packages/energia/hardware/tivac/1.0.3/system/driverlib\libdriverlib.a(sysctl.o)
 .rodata.g_pui32Xtals
                0x000017fc       0x6c C:/Users/DELL/AppData/Local/Energia15/packages/energia/hardware/tivac/1.0.3/system/driverlib\libdriverlib.a(sysctl.o)
 *(.ARM.extab* .gnu.linkonce.armextab.*)
                0x00001868                . = ALIGN (0x4)
 *(.init)
                0x00001868                . = ALIGN (0x4)
                0x00001868                __preinit_array_start = .
 *(SORT(.preinit_array*))
 *(.preinit_array)
                0x00001868                __preinit_array_end = .
                0x00001868                . = ALIGN (0x4)
                0x00001868                __init_array_start = .
 *(SORT(.init_array.*))
 *(.init_array)
                0x00001868                __init_array_end = .
                0x00001868                . = ALIGN (0x4)
 *(.fini)
                0x00001868                . = ALIGN (0x4)
                0x00001868                __fini_array_start = .
 *(.fini_array)
 *(SORT(.fini_array.*))
                0x00001868                __fini_array_end = .
                0x00001868                . = ALIGN (0x4)
                0x00001868                _etext = .

.vfp11_veneer   0x00001868        0x0
 .vfp11_veneer  0x00001868        0x0 linker stubs

.v4_bx          0x00001868        0x0
 .v4_bx         0x00001868        0x0 linker stubs

.iplt           0x00001868        0x0
 .iplt          0x00001868        0x0 ./drivers/uartstdio.o

.rel.dyn        0x00001868        0x0
 .rel.iplt      0x00001868        0x0 ./drivers/uartstdio.o

.data           0x20000000        0x4 load address 0x00001868
                0x20000000                . = ALIGN (0x4)
                0x20000000                _data = .
 *(vtable)
 *(.data .data* .gnu.linkonce.d.*)
 .data._readResolution
                0x20000000        0x4 C:/Users/DELL/Desktop/ES Lab/tivac_EK-TM4C1294XL_core/Debug\libtivac_EK-TM4C1294XL_core.a(wiring_analog.o)
                0x20000004                _edata = .

.igot.plt       0x20000004        0x0 load address 0x0000186c
 .igot.plt      0x20000004        0x0 ./drivers/uartstdio.o

.bss            0x20000004      0x27c load address 0x0000186c
                0x20000004                . = ALIGN (0x4)
                0x20000004                _bss = .
 *(.bss .bss*)
 .bss.g_ui32Base
                0x20000004        0x4 ./drivers/uartstdio.o
 .bss.inputNumber
                0x20000008        0x4 ./lab2_assignment2.o
                0x20000008                inputNumber
 .bss.joystickCompoundValue
                0x2000000c        0x4 ./lab2_assignment2.o
                0x2000000c                joystickCompoundValue
 .bss.pwm_word  0x20000010        0x4 ./lab2_assignment2.o
                0x20000010                pwm_word
 .bss.x         0x20000014        0x2 ./lab2_assignment2.o
                0x20000014                x
 .bss.y         0x20000016        0x2 ./lab2_assignment2.o
                0x20000016                y
 .bss.cbFuncsA  0x20000018       0x20 C:/Users/DELL/Desktop/ES Lab/tivac_EK-TM4C1294XL_core/Debug\libtivac_EK-TM4C1294XL_core.a(WInterrupts.o)
 .bss.cbFuncsB  0x20000038       0x20 C:/Users/DELL/Desktop/ES Lab/tivac_EK-TM4C1294XL_core/Debug\libtivac_EK-TM4C1294XL_core.a(WInterrupts.o)
 .bss.cbFuncsC  0x20000058       0x20 C:/Users/DELL/Desktop/ES Lab/tivac_EK-TM4C1294XL_core/Debug\libtivac_EK-TM4C1294XL_core.a(WInterrupts.o)
 .bss.cbFuncsD  0x20000078       0x20 C:/Users/DELL/Desktop/ES Lab/tivac_EK-TM4C1294XL_core/Debug\libtivac_EK-TM4C1294XL_core.a(WInterrupts.o)
 .bss.cbFuncsE  0x20000098       0x20 C:/Users/DELL/Desktop/ES Lab/tivac_EK-TM4C1294XL_core/Debug\libtivac_EK-TM4C1294XL_core.a(WInterrupts.o)
 .bss.cbFuncsF  0x200000b8       0x20 C:/Users/DELL/Desktop/ES Lab/tivac_EK-TM4C1294XL_core/Debug\libtivac_EK-TM4C1294XL_core.a(WInterrupts.o)
 .bss.cbFuncsG  0x200000d8       0x20 C:/Users/DELL/Desktop/ES Lab/tivac_EK-TM4C1294XL_core/Debug\libtivac_EK-TM4C1294XL_core.a(WInterrupts.o)
 .bss.cbFuncsH  0x200000f8       0x20 C:/Users/DELL/Desktop/ES Lab/tivac_EK-TM4C1294XL_core/Debug\libtivac_EK-TM4C1294XL_core.a(WInterrupts.o)
 .bss.cbFuncsJ  0x20000118       0x20 C:/Users/DELL/Desktop/ES Lab/tivac_EK-TM4C1294XL_core/Debug\libtivac_EK-TM4C1294XL_core.a(WInterrupts.o)
 .bss.cbFuncsK  0x20000138       0x20 C:/Users/DELL/Desktop/ES Lab/tivac_EK-TM4C1294XL_core/Debug\libtivac_EK-TM4C1294XL_core.a(WInterrupts.o)
 .bss.cbFuncsL  0x20000158       0x20 C:/Users/DELL/Desktop/ES Lab/tivac_EK-TM4C1294XL_core/Debug\libtivac_EK-TM4C1294XL_core.a(WInterrupts.o)
 .bss.cbFuncsM  0x20000178       0x20 C:/Users/DELL/Desktop/ES Lab/tivac_EK-TM4C1294XL_core/Debug\libtivac_EK-TM4C1294XL_core.a(WInterrupts.o)
 .bss.cbFuncsN  0x20000198       0x20 C:/Users/DELL/Desktop/ES Lab/tivac_EK-TM4C1294XL_core/Debug\libtivac_EK-TM4C1294XL_core.a(WInterrupts.o)
 .bss.cbFuncsP  0x200001b8       0x20 C:/Users/DELL/Desktop/ES Lab/tivac_EK-TM4C1294XL_core/Debug\libtivac_EK-TM4C1294XL_core.a(WInterrupts.o)
 .bss.cbFuncsQ  0x200001d8       0x20 C:/Users/DELL/Desktop/ES Lab/tivac_EK-TM4C1294XL_core/Debug\libtivac_EK-TM4C1294XL_core.a(WInterrupts.o)
 .bss.cbFuncsR  0x200001f8       0x20 C:/Users/DELL/Desktop/ES Lab/tivac_EK-TM4C1294XL_core/Debug\libtivac_EK-TM4C1294XL_core.a(WInterrupts.o)
 .bss.cbFuncsS  0x20000218       0x20 C:/Users/DELL/Desktop/ES Lab/tivac_EK-TM4C1294XL_core/Debug\libtivac_EK-TM4C1294XL_core.a(WInterrupts.o)
 .bss.cbFuncsT  0x20000238       0x20 C:/Users/DELL/Desktop/ES Lab/tivac_EK-TM4C1294XL_core/Debug\libtivac_EK-TM4C1294XL_core.a(WInterrupts.o)
 .bss.SysTickCbFuncs
                0x20000258       0x20 C:/Users/DELL/Desktop/ES Lab/tivac_EK-TM4C1294XL_core/Debug\libtivac_EK-TM4C1294XL_core.a(wiring.o)
 .bss.milliseconds
                0x20000278        0x4 C:/Users/DELL/Desktop/ES Lab/tivac_EK-TM4C1294XL_core/Debug\libtivac_EK-TM4C1294XL_core.a(wiring.o)
 *(COMMON)
                0x2000027c                . = ALIGN (0x4)
                0x2000027c                _ebss = .
                0x20000280                . = ALIGN (0x8)
 *fill*         0x2000027c        0x4 
                [!provide]                PROVIDE (__exidx_start, .)

.ARM.exidx
 *(.ARM.exidx* .gnu.linkonce.armexidx.*)
                [!provide]                PROVIDE (__exidx_end, .)
                0x20000280                . = ALIGN (0x4)
                0x20000280                _end = .
                0x20000280                PROVIDE (end, _end)
                0x20040000                PROVIDE (_estack, (ORIGIN (ram) + LENGTH (ram)))
LOAD C:/Users/DELL/Desktop/ES Lab/tivac_EK-TM4C1294XL_EduBPMKII_Screen/Debug\libtivac_EK-TM4C1294XL_EduBPMKII_Screen.a
LOAD C:/Users/DELL/Desktop/ES Lab/tivac_EK-TM4C1294XL_SPI/Debug\libtivac_EK-TM4C1294XL_SPI.a
LOAD C:/Users/DELL/Desktop/ES Lab/tivac_EK-TM4C1294XL_core/Debug\libtivac_EK-TM4C1294XL_core.a
LOAD C:/Users/DELL/AppData/Local/Energia15/packages/energia/hardware/tivac/1.0.3/system/driverlib\libdriverlib.a
LOAD c:/users/dell/appdata/local/energia15/packages/energia/tools/arm-none-eabi-gcc/6.3.1-20170620/bin/../lib/gcc/arm-none-eabi/6.3.1/../../../../arm-none-eabi/lib/thumb/v7e-m/fpv4-sp/hard\libm.a
LOAD c:/users/dell/appdata/local/energia15/packages/energia/tools/arm-none-eabi-gcc/6.3.1-20170620/bin/../lib/gcc/arm-none-eabi/6.3.1/../../../../arm-none-eabi/lib/thumb/v7e-m/fpv4-sp/hard\libc_nano.a
LOAD c:/users/dell/appdata/local/energia15/packages/energia/tools/arm-none-eabi-gcc/6.3.1-20170620/bin/../lib/gcc/arm-none-eabi/6.3.1/thumb/v7e-m/fpv4-sp/hard\libgcc.a
END GROUP
OUTPUT(lab2_assignment2.out elf32-littlearm)

.debug_info     0x00000000     0x96cb
 .debug_info    0x00000000      0x398 ./drivers/uartstdio.o
 .debug_info    0x00000398     0x17ac ./lab2_assignment2.o
 .debug_info    0x00001b44     0x1401 C:/Users/DELL/Desktop/ES Lab/tivac_EK-TM4C1294XL_core/Debug\libtivac_EK-TM4C1294XL_core.a(startup_gcc.o)
 .debug_info    0x00002f45     0x119f C:/Users/DELL/Desktop/ES Lab/tivac_EK-TM4C1294XL_core/Debug\libtivac_EK-TM4C1294XL_core.a(WInterrupts.o)
 .debug_info    0x000040e4     0x1015 C:/Users/DELL/Desktop/ES Lab/tivac_EK-TM4C1294XL_core/Debug\libtivac_EK-TM4C1294XL_core.a(wiring.o)
 .debug_info    0x000050f9     0x1112 C:/Users/DELL/Desktop/ES Lab/tivac_EK-TM4C1294XL_core/Debug\libtivac_EK-TM4C1294XL_core.a(wiring_analog.o)
 .debug_info    0x0000620b      0xf95 C:/Users/DELL/Desktop/ES Lab/tivac_EK-TM4C1294XL_core/Debug\libtivac_EK-TM4C1294XL_core.a(wiring_digital.o)
 .debug_info    0x000071a0     0x152f C:/Users/DELL/Desktop/ES Lab/tivac_EK-TM4C1294XL_core/Debug\libtivac_EK-TM4C1294XL_core.a(main.o)
 .debug_info    0x000086cf      0xffc C:/Users/DELL/Desktop/ES Lab/tivac_EK-TM4C1294XL_core/Debug\libtivac_EK-TM4C1294XL_core.a(WMath.o)

.debug_abbrev   0x00000000     0x18f8
 .debug_abbrev  0x00000000      0x142 ./drivers/uartstdio.o
 .debug_abbrev  0x00000142      0x3f5 ./lab2_assignment2.o
 .debug_abbrev  0x00000537      0x2e0 C:/Users/DELL/Desktop/ES Lab/tivac_EK-TM4C1294XL_core/Debug\libtivac_EK-TM4C1294XL_core.a(startup_gcc.o)
 .debug_abbrev  0x00000817      0x293 C:/Users/DELL/Desktop/ES Lab/tivac_EK-TM4C1294XL_core/Debug\libtivac_EK-TM4C1294XL_core.a(WInterrupts.o)
 .debug_abbrev  0x00000aaa      0x2d7 C:/Users/DELL/Desktop/ES Lab/tivac_EK-TM4C1294XL_core/Debug\libtivac_EK-TM4C1294XL_core.a(wiring.o)
 .debug_abbrev  0x00000d81      0x31b C:/Users/DELL/Desktop/ES Lab/tivac_EK-TM4C1294XL_core/Debug\libtivac_EK-TM4C1294XL_core.a(wiring_analog.o)
 .debug_abbrev  0x0000109c      0x25e C:/Users/DELL/Desktop/ES Lab/tivac_EK-TM4C1294XL_core/Debug\libtivac_EK-TM4C1294XL_core.a(wiring_digital.o)
 .debug_abbrev  0x000012fa      0x31c C:/Users/DELL/Desktop/ES Lab/tivac_EK-TM4C1294XL_core/Debug\libtivac_EK-TM4C1294XL_core.a(main.o)
 .debug_abbrev  0x00001616      0x2e2 C:/Users/DELL/Desktop/ES Lab/tivac_EK-TM4C1294XL_core/Debug\libtivac_EK-TM4C1294XL_core.a(WMath.o)

.debug_loc      0x00000000      0xf7f
 .debug_loc     0x00000000      0x3b4 ./drivers/uartstdio.o
 .debug_loc     0x000003b4       0x31 ./lab2_assignment2.o
 .debug_loc     0x000003e5      0x135 C:/Users/DELL/Desktop/ES Lab/tivac_EK-TM4C1294XL_core/Debug\libtivac_EK-TM4C1294XL_core.a(startup_gcc.o)
 .debug_loc     0x0000051a      0x275 C:/Users/DELL/Desktop/ES Lab/tivac_EK-TM4C1294XL_core/Debug\libtivac_EK-TM4C1294XL_core.a(WInterrupts.o)
 .debug_loc     0x0000078f       0xcc C:/Users/DELL/Desktop/ES Lab/tivac_EK-TM4C1294XL_core/Debug\libtivac_EK-TM4C1294XL_core.a(wiring.o)
 .debug_loc     0x0000085b      0x2f2 C:/Users/DELL/Desktop/ES Lab/tivac_EK-TM4C1294XL_core/Debug\libtivac_EK-TM4C1294XL_core.a(wiring_analog.o)
 .debug_loc     0x00000b4d      0x379 C:/Users/DELL/Desktop/ES Lab/tivac_EK-TM4C1294XL_core/Debug\libtivac_EK-TM4C1294XL_core.a(wiring_digital.o)
 .debug_loc     0x00000ec6       0xb9 C:/Users/DELL/Desktop/ES Lab/tivac_EK-TM4C1294XL_core/Debug\libtivac_EK-TM4C1294XL_core.a(WMath.o)

.debug_aranges  0x00000000      0x338
 .debug_aranges
                0x00000000       0x48 ./drivers/uartstdio.o
 .debug_aranges
                0x00000048       0x38 ./lab2_assignment2.o
 .debug_aranges
                0x00000080       0x90 C:/Users/DELL/Desktop/ES Lab/tivac_EK-TM4C1294XL_core/Debug\libtivac_EK-TM4C1294XL_core.a(startup_gcc.o)
 .debug_aranges
                0x00000110       0xc0 C:/Users/DELL/Desktop/ES Lab/tivac_EK-TM4C1294XL_core/Debug\libtivac_EK-TM4C1294XL_core.a(WInterrupts.o)
 .debug_aranges
                0x000001d0       0x70 C:/Users/DELL/Desktop/ES Lab/tivac_EK-TM4C1294XL_core/Debug\libtivac_EK-TM4C1294XL_core.a(wiring.o)
 .debug_aranges
                0x00000240       0x58 C:/Users/DELL/Desktop/ES Lab/tivac_EK-TM4C1294XL_core/Debug\libtivac_EK-TM4C1294XL_core.a(wiring_analog.o)
 .debug_aranges
                0x00000298       0x30 C:/Users/DELL/Desktop/ES Lab/tivac_EK-TM4C1294XL_core/Debug\libtivac_EK-TM4C1294XL_core.a(wiring_digital.o)
 .debug_aranges
                0x000002c8       0x28 C:/Users/DELL/Desktop/ES Lab/tivac_EK-TM4C1294XL_core/Debug\libtivac_EK-TM4C1294XL_core.a(main.o)
 .debug_aranges
                0x000002f0       0x48 C:/Users/DELL/Desktop/ES Lab/tivac_EK-TM4C1294XL_core/Debug\libtivac_EK-TM4C1294XL_core.a(WMath.o)

.debug_ranges   0x00000000      0x2f0
 .debug_ranges  0x00000000       0x38 ./drivers/uartstdio.o
 .debug_ranges  0x00000038       0x28 ./lab2_assignment2.o
 .debug_ranges  0x00000060       0x80 C:/Users/DELL/Desktop/ES Lab/tivac_EK-TM4C1294XL_core/Debug\libtivac_EK-TM4C1294XL_core.a(startup_gcc.o)
 .debug_ranges  0x000000e0       0xb0 C:/Users/DELL/Desktop/ES Lab/tivac_EK-TM4C1294XL_core/Debug\libtivac_EK-TM4C1294XL_core.a(WInterrupts.o)
 .debug_ranges  0x00000190       0x90 C:/Users/DELL/Desktop/ES Lab/tivac_EK-TM4C1294XL_core/Debug\libtivac_EK-TM4C1294XL_core.a(wiring.o)
 .debug_ranges  0x00000220       0x60 C:/Users/DELL/Desktop/ES Lab/tivac_EK-TM4C1294XL_core/Debug\libtivac_EK-TM4C1294XL_core.a(wiring_analog.o)
 .debug_ranges  0x00000280       0x20 C:/Users/DELL/Desktop/ES Lab/tivac_EK-TM4C1294XL_core/Debug\libtivac_EK-TM4C1294XL_core.a(wiring_digital.o)
 .debug_ranges  0x000002a0       0x18 C:/Users/DELL/Desktop/ES Lab/tivac_EK-TM4C1294XL_core/Debug\libtivac_EK-TM4C1294XL_core.a(main.o)
 .debug_ranges  0x000002b8       0x38 C:/Users/DELL/Desktop/ES Lab/tivac_EK-TM4C1294XL_core/Debug\libtivac_EK-TM4C1294XL_core.a(WMath.o)

.debug_line     0x00000000     0x295e
 .debug_line    0x00000000      0x36b ./drivers/uartstdio.o
 .debug_line    0x0000036b      0x62b ./lab2_assignment2.o
 .debug_line    0x00000996      0x4a6 C:/Users/DELL/Desktop/ES Lab/tivac_EK-TM4C1294XL_core/Debug\libtivac_EK-TM4C1294XL_core.a(startup_gcc.o)
 .debug_line    0x00000e3c      0x559 C:/Users/DELL/Desktop/ES Lab/tivac_EK-TM4C1294XL_core/Debug\libtivac_EK-TM4C1294XL_core.a(WInterrupts.o)
 .debug_line    0x00001395      0x4b4 C:/Users/DELL/Desktop/ES Lab/tivac_EK-TM4C1294XL_core/Debug\libtivac_EK-TM4C1294XL_core.a(wiring.o)
 .debug_line    0x00001849      0x437 C:/Users/DELL/Desktop/ES Lab/tivac_EK-TM4C1294XL_core/Debug\libtivac_EK-TM4C1294XL_core.a(wiring_analog.o)
 .debug_line    0x00001c80      0x3ac C:/Users/DELL/Desktop/ES Lab/tivac_EK-TM4C1294XL_core/Debug\libtivac_EK-TM4C1294XL_core.a(wiring_digital.o)
 .debug_line    0x0000202c      0x542 C:/Users/DELL/Desktop/ES Lab/tivac_EK-TM4C1294XL_core/Debug\libtivac_EK-TM4C1294XL_core.a(main.o)
 .debug_line    0x0000256e      0x3f0 C:/Users/DELL/Desktop/ES Lab/tivac_EK-TM4C1294XL_core/Debug\libtivac_EK-TM4C1294XL_core.a(WMath.o)

.debug_str      0x00000000     0x18e9
 .debug_str     0x00000000      0x305 ./drivers/uartstdio.o
                                0x367 (size before relaxing)
 .debug_str     0x00000305      0xb7c ./lab2_assignment2.o
                                0xd02 (size before relaxing)
 .debug_str     0x00000e81      0x364 C:/Users/DELL/Desktop/ES Lab/tivac_EK-TM4C1294XL_core/Debug\libtivac_EK-TM4C1294XL_core.a(startup_gcc.o)
                                0xc2b (size before relaxing)
 .debug_str     0x000011e5      0x286 C:/Users/DELL/Desktop/ES Lab/tivac_EK-TM4C1294XL_core/Debug\libtivac_EK-TM4C1294XL_core.a(WInterrupts.o)
                                0xb40 (size before relaxing)
 .debug_str     0x0000146b      0x150 C:/Users/DELL/Desktop/ES Lab/tivac_EK-TM4C1294XL_core/Debug\libtivac_EK-TM4C1294XL_core.a(wiring.o)
                                0x9d6 (size before relaxing)
 .debug_str     0x000015bb      0x13a C:/Users/DELL/Desktop/ES Lab/tivac_EK-TM4C1294XL_core/Debug\libtivac_EK-TM4C1294XL_core.a(wiring_analog.o)
                                0x9f5 (size before relaxing)
 .debug_str     0x000016f5       0x8a C:/Users/DELL/Desktop/ES Lab/tivac_EK-TM4C1294XL_core/Debug\libtivac_EK-TM4C1294XL_core.a(wiring_digital.o)
                                0x928 (size before relaxing)
 .debug_str     0x0000177f       0x6c C:/Users/DELL/Desktop/ES Lab/tivac_EK-TM4C1294XL_core/Debug\libtivac_EK-TM4C1294XL_core.a(main.o)
                                0xb7a (size before relaxing)
 .debug_str     0x000017eb       0xfe C:/Users/DELL/Desktop/ES Lab/tivac_EK-TM4C1294XL_core/Debug\libtivac_EK-TM4C1294XL_core.a(WMath.o)
                                0x862 (size before relaxing)

.comment        0x00000000       0xef
 .comment       0x00000000       0x7f ./drivers/uartstdio.o
                                 0x80 (size before relaxing)
 .comment       0x0000007f       0x80 ./lab2_assignment2.o
 .comment       0x0000007f       0x80 C:/Users/DELL/Desktop/ES Lab/tivac_EK-TM4C1294XL_core/Debug\libtivac_EK-TM4C1294XL_core.a(startup_gcc.o)
 .comment       0x0000007f       0x80 C:/Users/DELL/Desktop/ES Lab/tivac_EK-TM4C1294XL_core/Debug\libtivac_EK-TM4C1294XL_core.a(WInterrupts.o)
 .comment       0x0000007f       0x80 C:/Users/DELL/Desktop/ES Lab/tivac_EK-TM4C1294XL_core/Debug\libtivac_EK-TM4C1294XL_core.a(wiring.o)
 .comment       0x0000007f       0x80 C:/Users/DELL/Desktop/ES Lab/tivac_EK-TM4C1294XL_core/Debug\libtivac_EK-TM4C1294XL_core.a(wiring_analog.o)
 .comment       0x0000007f       0x80 C:/Users/DELL/Desktop/ES Lab/tivac_EK-TM4C1294XL_core/Debug\libtivac_EK-TM4C1294XL_core.a(wiring_digital.o)
 .comment       0x0000007f       0x80 C:/Users/DELL/Desktop/ES Lab/tivac_EK-TM4C1294XL_core/Debug\libtivac_EK-TM4C1294XL_core.a(main.o)
 .comment       0x0000007f       0x80 C:/Users/DELL/Desktop/ES Lab/tivac_EK-TM4C1294XL_core/Debug\libtivac_EK-TM4C1294XL_core.a(WMath.o)
 .comment       0x0000007f       0x70 C:/Users/DELL/AppData/Local/Energia15/packages/energia/hardware/tivac/1.0.3/system/driverlib\libdriverlib.a(eeprom.o)
                                 0x71 (size before relaxing)
 .comment       0x000000ef       0x71 C:/Users/DELL/AppData/Local/Energia15/packages/energia/hardware/tivac/1.0.3/system/driverlib\libdriverlib.a(gpio.o)
 .comment       0x000000ef       0x71 C:/Users/DELL/AppData/Local/Energia15/packages/energia/hardware/tivac/1.0.3/system/driverlib\libdriverlib.a(pwm.o)
 .comment       0x000000ef       0x71 C:/Users/DELL/AppData/Local/Energia15/packages/energia/hardware/tivac/1.0.3/system/driverlib\libdriverlib.a(sysctl.o)
 .comment       0x000000ef       0x71 C:/Users/DELL/AppData/Local/Energia15/packages/energia/hardware/tivac/1.0.3/system/driverlib\libdriverlib.a(uart.o)

.ARM.attributes
                0x00000000       0x39
 .ARM.attributes
                0x00000000       0x39 ./drivers/uartstdio.o
 .ARM.attributes
                0x00000039       0x39 ./lab2_assignment2.o
 .ARM.attributes
                0x00000072       0x39 C:/Users/DELL/Desktop/ES Lab/tivac_EK-TM4C1294XL_core/Debug\libtivac_EK-TM4C1294XL_core.a(startup_gcc.o)
 .ARM.attributes
                0x000000ab       0x39 C:/Users/DELL/Desktop/ES Lab/tivac_EK-TM4C1294XL_core/Debug\libtivac_EK-TM4C1294XL_core.a(WInterrupts.o)
 .ARM.attributes
                0x000000e4       0x39 C:/Users/DELL/Desktop/ES Lab/tivac_EK-TM4C1294XL_core/Debug\libtivac_EK-TM4C1294XL_core.a(wiring.o)
 .ARM.attributes
                0x0000011d       0x39 C:/Users/DELL/Desktop/ES Lab/tivac_EK-TM4C1294XL_core/Debug\libtivac_EK-TM4C1294XL_core.a(wiring_analog.o)
 .ARM.attributes
                0x00000156       0x39 C:/Users/DELL/Desktop/ES Lab/tivac_EK-TM4C1294XL_core/Debug\libtivac_EK-TM4C1294XL_core.a(wiring_digital.o)
 .ARM.attributes
                0x0000018f       0x39 C:/Users/DELL/Desktop/ES Lab/tivac_EK-TM4C1294XL_core/Debug\libtivac_EK-TM4C1294XL_core.a(main.o)
 .ARM.attributes
                0x000001c8       0x39 C:/Users/DELL/Desktop/ES Lab/tivac_EK-TM4C1294XL_core/Debug\libtivac_EK-TM4C1294XL_core.a(WMath.o)
 .ARM.attributes
                0x00000201       0x3b C:/Users/DELL/AppData/Local/Energia15/packages/energia/hardware/tivac/1.0.3/system/driverlib\libdriverlib.a(eeprom.o)
 .ARM.attributes
                0x0000023c       0x3b C:/Users/DELL/AppData/Local/Energia15/packages/energia/hardware/tivac/1.0.3/system/driverlib\libdriverlib.a(gpio.o)
 .ARM.attributes
                0x00000277       0x3b C:/Users/DELL/AppData/Local/Energia15/packages/energia/hardware/tivac/1.0.3/system/driverlib\libdriverlib.a(pwm.o)
 .ARM.attributes
                0x000002b2       0x3b C:/Users/DELL/AppData/Local/Energia15/packages/energia/hardware/tivac/1.0.3/system/driverlib\libdriverlib.a(sysctl.o)
 .ARM.attributes
                0x000002ed       0x3b C:/Users/DELL/AppData/Local/Energia15/packages/energia/hardware/tivac/1.0.3/system/driverlib\libdriverlib.a(uart.o)

.debug_frame    0x00000000      0x844
 .debug_frame   0x00000000       0xf4 ./drivers/uartstdio.o
 .debug_frame   0x000000f4       0xa8 ./lab2_assignment2.o
 .debug_frame   0x0000019c      0x1b0 C:/Users/DELL/Desktop/ES Lab/tivac_EK-TM4C1294XL_core/Debug\libtivac_EK-TM4C1294XL_core.a(startup_gcc.o)
 .debug_frame   0x0000034c      0x194 C:/Users/DELL/Desktop/ES Lab/tivac_EK-TM4C1294XL_core/Debug\libtivac_EK-TM4C1294XL_core.a(WInterrupts.o)
 .debug_frame   0x000004e0      0x13c C:/Users/DELL/Desktop/ES Lab/tivac_EK-TM4C1294XL_core/Debug\libtivac_EK-TM4C1294XL_core.a(wiring.o)
 .debug_frame   0x0000061c       0xe4 C:/Users/DELL/Desktop/ES Lab/tivac_EK-TM4C1294XL_core/Debug\libtivac_EK-TM4C1294XL_core.a(wiring_analog.o)
 .debug_frame   0x00000700       0x74 C:/Users/DELL/Desktop/ES Lab/tivac_EK-TM4C1294XL_core/Debug\libtivac_EK-TM4C1294XL_core.a(wiring_digital.o)
 .debug_frame   0x00000774       0x48 C:/Users/DELL/Desktop/ES Lab/tivac_EK-TM4C1294XL_core/Debug\libtivac_EK-TM4C1294XL_core.a(main.o)
 .debug_frame   0x000007bc       0x88 C:/Users/DELL/Desktop/ES Lab/tivac_EK-TM4C1294XL_core/Debug\libtivac_EK-TM4C1294XL_core.a(WMath.o)
