Archive member included to satisfy reference by file (symbol)

C:/Users/josep/gitrepos/mdu-embedded-systems/tivac_EK-TM4C1294XL_core/Debug\libtivac_EK-TM4C1294XL_core.a(startup_gcc.o)
                              (ResetISR)
C:/Users/josep/gitrepos/mdu-embedded-systems/tivac_EK-TM4C1294XL_core/Debug\libtivac_EK-TM4C1294XL_core.a(WInterrupts.o)
                              C:/Users/josep/gitrepos/mdu-embedded-systems/tivac_EK-TM4C1294XL_core/Debug\libtivac_EK-TM4C1294XL_core.a(startup_gcc.o) (GPIOAIntHandler)
C:/Users/josep/gitrepos/mdu-embedded-systems/tivac_EK-TM4C1294XL_core/Debug\libtivac_EK-TM4C1294XL_core.a(wiring.o)
                              C:/Users/josep/gitrepos/mdu-embedded-systems/tivac_EK-TM4C1294XL_core/Debug\libtivac_EK-TM4C1294XL_core.a(startup_gcc.o) (SysTickIntHandler)
C:/Users/josep/gitrepos/mdu-embedded-systems/tivac_EK-TM4C1294XL_core/Debug\libtivac_EK-TM4C1294XL_core.a(wiring_analog.o)
                              ./lab2_assignment2.o (analogRead)
C:/Users/josep/gitrepos/mdu-embedded-systems/tivac_EK-TM4C1294XL_core/Debug\libtivac_EK-TM4C1294XL_core.a(wiring_digital.o)
                              C:/Users/josep/gitrepos/mdu-embedded-systems/tivac_EK-TM4C1294XL_core/Debug\libtivac_EK-TM4C1294XL_core.a(wiring_analog.o) (pinMode)
C:/Users/josep/gitrepos/mdu-embedded-systems/tivac_EK-TM4C1294XL_core/Debug\libtivac_EK-TM4C1294XL_core.a(main.o)
                              C:/Users/josep/gitrepos/mdu-embedded-systems/tivac_EK-TM4C1294XL_core/Debug\libtivac_EK-TM4C1294XL_core.a(startup_gcc.o) (_init)
C:/Users/josep/gitrepos/mdu-embedded-systems/tivac_EK-TM4C1294XL_core/Debug\libtivac_EK-TM4C1294XL_core.a(WMath.o)
                              ./lab2_assignment2.o (map(long, long, long, long, long))
C:/Users/josep/gitrepos/mdu-embedded-systems/tivac_EK-TM4C1294XL_core/Debug\libtivac_EK-TM4C1294XL_core.a(random.o)
                              C:/Users/josep/gitrepos/mdu-embedded-systems/tivac_EK-TM4C1294XL_core/Debug\libtivac_EK-TM4C1294XL_core.a(WMath.o) (random)
C:/Users/josep/AppData/Local/Energia15/packages/energia/hardware/tivac/1.0.3/system/driverlib\libdriverlib.a(eeprom.o)
                              C:/Users/josep/gitrepos/mdu-embedded-systems/tivac_EK-TM4C1294XL_core/Debug\libtivac_EK-TM4C1294XL_core.a(main.o) (EEPROMMassErase)
C:/Users/josep/AppData/Local/Energia15/packages/energia/hardware/tivac/1.0.3/system/driverlib\libdriverlib.a(gpio.o)
                              C:/Users/josep/gitrepos/mdu-embedded-systems/tivac_EK-TM4C1294XL_core/Debug\libtivac_EK-TM4C1294XL_core.a(wiring_digital.o) (GPIOPadConfigSet)
C:/Users/josep/AppData/Local/Energia15/packages/energia/hardware/tivac/1.0.3/system/driverlib\libdriverlib.a(interrupt.o)
                              C:/Users/josep/AppData/Local/Energia15/packages/energia/hardware/tivac/1.0.3/system/driverlib\libdriverlib.a(gpio.o) (IntRegister)
C:/Users/josep/AppData/Local/Energia15/packages/energia/hardware/tivac/1.0.3/system/driverlib\libdriverlib.a(pwm.o)
                              ./lab2_assignment2.o (PWMGenConfigure)
C:/Users/josep/AppData/Local/Energia15/packages/energia/hardware/tivac/1.0.3/system/driverlib\libdriverlib.a(sysctl.o)
                              ./drivers/uartstdio.o (SysCtlPeripheralPresent)
C:/Users/josep/AppData/Local/Energia15/packages/energia/hardware/tivac/1.0.3/system/driverlib\libdriverlib.a(uart.o)
                              ./drivers/uartstdio.o (UARTEnable)
C:/Users/josep/AppData/Local/Energia15/packages/energia/hardware/tivac/1.0.3/system/driverlib\libdriverlib.a(cpu.o)
                              C:/Users/josep/AppData/Local/Energia15/packages/energia/hardware/tivac/1.0.3/system/driverlib\libdriverlib.a(interrupt.o) (CPUcpsid)

Discarded input sections

 .text          0x00000000        0x0 ./drivers/uartstdio.o
 .data          0x00000000        0x0 ./drivers/uartstdio.o
 .bss           0x00000000        0x0 ./drivers/uartstdio.o
 .text.UARTgets
                0x00000000       0x84 ./drivers/uartstdio.o
 .text.UARTgetc
                0x00000000       0x14 ./drivers/uartstdio.o
 .bss.bLastWasCR.5616
                0x00000000        0x1 ./drivers/uartstdio.o
 .rodata.UARTgets.str1.1
                0x00000000        0x7 ./drivers/uartstdio.o
 .text          0x00000000        0x0 ./lab2_assignment2.o
 .data          0x00000000        0x0 ./lab2_assignment2.o
 .bss           0x00000000        0x0 ./lab2_assignment2.o
 .bss.systemClock
                0x00000000        0x4 ./lab2_assignment2.o
 .text          0x00000000        0x0 C:/Users/josep/gitrepos/mdu-embedded-systems/tivac_EK-TM4C1294XL_core/Debug\libtivac_EK-TM4C1294XL_core.a(startup_gcc.o)
 .data          0x00000000        0x0 C:/Users/josep/gitrepos/mdu-embedded-systems/tivac_EK-TM4C1294XL_core/Debug\libtivac_EK-TM4C1294XL_core.a(startup_gcc.o)
 .bss           0x00000000        0x0 C:/Users/josep/gitrepos/mdu-embedded-systems/tivac_EK-TM4C1294XL_core/Debug\libtivac_EK-TM4C1294XL_core.a(startup_gcc.o)
 .text.I2CIntHandler
[...]
Memory Configuration

Name             Origin             Length             Attributes
flash            0x00000000         0x00100000         xr
ram              0x20000000         0x00040000         xrw
*default*        0x00000000         0xffffffff

Linker script and memory map

LOAD ./drivers/uartstdio.o
LOAD ./lab2_assignment2.o
START GROUP

.text           0x00000000     0x184c
                0x00000000                . = ALIGN (0x4)
                0x00000000                _text = .
 *(.isr_vector)
 .isr_vector    0x00000000      0x200 C:/Users/josep/gitrepos/mdu-embedded-systems/tivac_EK-TM4C1294XL_core/Debug\libtivac_EK-TM4C1294XL_core.a(startup_gcc.o)
                0x00000000                g_pfnVectors
 *(.text .text* .gnu.linkonce.t.*)
 .text.UARTStdioConfig
                0x00000200       0x50 ./drivers/uartstdio.o
                0x00000200                UARTStdioConfig
 .text.UARTwrite
                0x00000250       0x38 ./drivers/uartstdio.o
                0x00000250                UARTwrite
 .text.UARTvprintf
                0x00000288      0x1a8 ./drivers/uartstdio.o
                0x00000288                UARTvprintf
 .text.UARTprintf
                0x00000430       0x1a ./drivers/uartstdio.o
                0x00000430                UARTprintf
 *fill*         0x0000044a        0x2 
 .text.loop     0x0000044c      0x138 ./lab2_assignment2.o
                0x0000044c                loop
 .text._Z13ConfigureUARTv
                0x00000584       0x5c ./lab2_assignment2.o
                0x00000584                ConfigureUART()
 .text._Z12ConfigurePWMPf
                0x000005e0       0x9c ./lab2_assignment2.o
                0x000005e0                ConfigurePWM(float*)
 .text.setup    0x0000067c       0x20 ./lab2_assignment2.o
                0x0000067c                setup
 .text.NmiSR    0x0000069c        0x2 C:/Users/josep/gitrepos/mdu-embedded-systems/tivac_EK-TM4C1294XL_core/Debug\libtivac_EK-TM4C1294XL_core.a(startup_gcc.o)
 .text.FaultISR
                0x0000069e        0x2 C:/Users/josep/gitrepos/mdu-embedded-systems/tivac_EK-TM4C1294XL_core/Debug\libtivac_EK-TM4C1294XL_core.a(startup_gcc.o)
 .text.IntDefaultHandler
                0x000006a0        0x2 C:/Users/josep/gitrepos/mdu-embedded-systems/tivac_EK-TM4C1294XL_core/Debug\libtivac_EK-TM4C1294XL_core.a(startup_gcc.o)
 *fill*         0x000006a2        0x2 
 .text.ResetISR
                0x000006a4       0x98 C:/Users/josep/gitrepos/mdu-embedded-systems/tivac_EK-TM4C1294XL_core/Debug\libtivac_EK-TM4C1294XL_core.a(startup_gcc.o)
                0x000006a4                ResetISR
 .text.ToneIntHandler
                0x0000073c        0x2 C:/Users/josep/gitrepos/mdu-embedded-systems/tivac_EK-TM4C1294XL_core/Debug\libtivac_EK-TM4C1294XL_core.a(startup_gcc.o)
                0x0000073c                ToneIntHandler
 .text.UARTIntHandler
                0x0000073e        0x2 C:/Users/josep/gitrepos/mdu-embedded-systems/tivac_EK-TM4C1294XL_core/Debug\libtivac_EK-TM4C1294XL_core.a(startup_gcc.o)
                0x0000073e                UARTIntHandler
 .text.UARTIntHandler1
                0x00000740        0x2 C:/Users/josep/gitrepos/mdu-embedded-systems/tivac_EK-TM4C1294XL_core/Debug\libtivac_EK-TM4C1294XL_core.a(startup_gcc.o)
                0x00000740                UARTIntHandler1
 .text.UARTIntHandler2
                0x00000742        0x2 C:/Users/josep/gitrepos/mdu-embedded-systems/tivac_EK-TM4C1294XL_core/Debug\libtivac_EK-TM4C1294XL_core.a(startup_gcc.o)
                0x00000742                UARTIntHandler2
 .text.UARTIntHandler3
                0x00000744        0x2 C:/Users/josep/gitrepos/mdu-embedded-systems/tivac_EK-TM4C1294XL_core/Debug\libtivac_EK-TM4C1294XL_core.a(startup_gcc.o)
                0x00000744                UARTIntHandler3
 .text.UARTIntHandler4
                0x00000746        0x2 C:/Users/josep/gitrepos/mdu-embedded-systems/tivac_EK-TM4C1294XL_core/Debug\libtivac_EK-TM4C1294XL_core.a(startup_gcc.o)
                0x00000746                UARTIntHandler4
 .text.UARTIntHandler5
                0x00000748        0x2 C:/Users/josep/gitrepos/mdu-embedded-systems/tivac_EK-TM4C1294XL_core/Debug\libtivac_EK-TM4C1294XL_core.a(startup_gcc.o)
                0x00000748                UARTIntHandler5
 .text.UARTIntHandler6
                0x0000074a        0x2 C:/Users/josep/gitrepos/mdu-embedded-systems/tivac_EK-TM4C1294XL_core/Debug\libtivac_EK-TM4C1294XL_core.a(startup_gcc.o)
                0x0000074a                UARTIntHandler6
 .text.UARTIntHandler7
                0x0000074c        0x2 C:/Users/josep/gitrepos/mdu-embedded-systems/tivac_EK-TM4C1294XL_core/Debug\libtivac_EK-TM4C1294XL_core.a(startup_gcc.o)
                0x0000074c                UARTIntHandler7
 .text.GPIOXIntHandler
                0x0000074e       0x30 C:/Users/josep/gitrepos/mdu-embedded-systems/tivac_EK-TM4C1294XL_core/Debug\libtivac_EK-TM4C1294XL_core.a(WInterrupts.o)
                0x0000074e                GPIOXIntHandler
 *fill*         0x0000077e        0x2 
 .text.GPIOAIntHandler
                0x00000780       0x10 C:/Users/josep/gitrepos/mdu-embedded-systems/tivac_EK-TM4C1294XL_core/Debug\libtivac_EK-TM4C1294XL_core.a(WInterrupts.o)
                0x00000780                GPIOAIntHandler
 .text.GPIOBIntHandler
                0x00000790       0x10 C:/Users/josep/gitrepos/mdu-embedded-systems/tivac_EK-TM4C1294XL_core/Debug\libtivac_EK-TM4C1294XL_core.a(WInterrupts.o)
                0x00000790                GPIOBIntHandler
 .text.GPIOCIntHandler
                0x000007a0       0x10 C:/Users/josep/gitrepos/mdu-embedded-systems/tivac_EK-TM4C1294XL_core/Debug\libtivac_EK-TM4C1294XL_core.a(WInterrupts.o)
                0x000007a0                GPIOCIntHandler
 .text.GPIODIntHandler
                0x000007b0       0x10 C:/Users/josep/gitrepos/mdu-embedded-systems/tivac_EK-TM4C1294XL_core/Debug\libtivac_EK-TM4C1294XL_core.a(WInterrupts.o)
                0x000007b0                GPIODIntHandler
 .text.GPIOEIntHandler
                0x000007c0       0x10 C:/Users/josep/gitrepos/mdu-embedded-systems/tivac_EK-TM4C1294XL_core/Debug\libtivac_EK-TM4C1294XL_core.a(WInterrupts.o)
                0x000007c0                GPIOEIntHandler
 .text.GPIOFIntHandler
                0x000007d0       0x10 C:/Users/josep/gitrepos/mdu-embedded-systems/tivac_EK-TM4C1294XL_core/Debug\libtivac_EK-TM4C1294XL_core.a(WInterrupts.o)
                0x000007d0                GPIOFIntHandler
 .text.GPIOGIntHandler
                0x000007e0       0x10 C:/Users/josep/gitrepos/mdu-embedded-systems/tivac_EK-TM4C1294XL_core/Debug\libtivac_EK-TM4C1294XL_core.a(WInterrupts.o)
                0x000007e0                GPIOGIntHandler
 .text.GPIOHIntHandler
                0x000007f0       0x10 C:/Users/josep/gitrepos/mdu-embedded-systems/tivac_EK-TM4C1294XL_core/Debug\libtivac_EK-TM4C1294XL_core.a(WInterrupts.o)
                0x000007f0                GPIOHIntHandler
 .text.GPIOJIntHandler
                0x00000800       0x10 C:/Users/josep/gitrepos/mdu-embedded-systems/tivac_EK-TM4C1294XL_core/Debug\libtivac_EK-TM4C1294XL_core.a(WInterrupts.o)
                0x00000800                GPIOJIntHandler
 .text.GPIOKIntHandler
                0x00000810       0x10 C:/Users/josep/gitrepos/mdu-embedded-systems/tivac_EK-TM4C1294XL_core/Debug\libtivac_EK-TM4C1294XL_core.a(WInterrupts.o)
                0x00000810                GPIOKIntHandler
 .text.GPIOLIntHandler
                0x00000820       0x10 C:/Users/josep/gitrepos/mdu-embedded-systems/tivac_EK-TM4C1294XL_core/Debug\libtivac_EK-TM4C1294XL_core.a(WInterrupts.o)
                0x00000820                GPIOLIntHandler
 .text.GPIOMIntHandler
                0x00000830       0x10 C:/Users/josep/gitrepos/mdu-embedded-systems/tivac_EK-TM4C1294XL_core/Debug\libtivac_EK-TM4C1294XL_core.a(WInterrupts.o)
                0x00000830                GPIOMIntHandler
 .text.GPIONIntHandler
                0x00000840       0x10 C:/Users/josep/gitrepos/mdu-embedded-systems/tivac_EK-TM4C1294XL_core/Debug\libtivac_EK-TM4C1294XL_core.a(WInterrupts.o)
                0x00000840                GPIONIntHandler
 .text.GPIOPIntHandler
                0x00000850       0x10 C:/Users/josep/gitrepos/mdu-embedded-systems/tivac_EK-TM4C1294XL_core/Debug\libtivac_EK-TM4C1294XL_core.a(WInterrupts.o)
                0x00000850                GPIOPIntHandler
 .text.GPIOQIntHandler
                0x00000860       0x10 C:/Users/josep/gitrepos/mdu-embedded-systems/tivac_EK-TM4C1294XL_core/Debug\libtivac_EK-TM4C1294XL_core.a(WInterrupts.o)
                0x00000860                GPIOQIntHandler
 .text.GPIORIntHandler
                0x00000870       0x10 C:/Users/josep/gitrepos/mdu-embedded-systems/tivac_EK-TM4C1294XL_core/Debug\libtivac_EK-TM4C1294XL_core.a(WInterrupts.o)
                0x00000870                GPIORIntHandler
 .text.GPIOSIntHandler
                0x00000880       0x10 C:/Users/josep/gitrepos/mdu-embedded-systems/tivac_EK-TM4C1294XL_core/Debug\libtivac_EK-TM4C1294XL_core.a(WInterrupts.o)
                0x00000880                GPIOSIntHandler
 .text.GPIOTIntHandler
                0x00000890       0x10 C:/Users/josep/gitrepos/mdu-embedded-systems/tivac_EK-TM4C1294XL_core/Debug\libtivac_EK-TM4C1294XL_core.a(WInterrupts.o)
                0x00000890                GPIOTIntHandler
 .text.timerInit
                0x000008a0       0x5c C:/Users/josep/gitrepos/mdu-embedded-systems/tivac_EK-TM4C1294XL_core/Debug\libtivac_EK-TM4C1294XL_core.a(wiring.o)
                0x000008a0                timerInit
 .text.SysTickIntHandler
                0x000008fc       0x28 C:/Users/josep/gitrepos/mdu-embedded-systems/tivac_EK-TM4C1294XL_core/Debug\libtivac_EK-TM4C1294XL_core.a(wiring.o)
                0x000008fc                SysTickIntHandler
 .text.analogRead
                0x00000924       0xe4 C:/Users/josep/gitrepos/mdu-embedded-systems/tivac_EK-TM4C1294XL_core/Debug\libtivac_EK-TM4C1294XL_core.a(wiring_analog.o)
                0x00000924                analogRead
 .text._init    0x00000a08      0x15c C:/Users/josep/gitrepos/mdu-embedded-systems/tivac_EK-TM4C1294XL_core/Debug\libtivac_EK-TM4C1294XL_core.a(main.o)
                0x00000a08                _init
 .text.startup.main
                0x00000b64       0x1c C:/Users/josep/gitrepos/mdu-embedded-systems/tivac_EK-TM4C1294XL_core/Debug\libtivac_EK-TM4C1294XL_core.a(main.o)
                0x00000b64                main
 .text._Z3maplllll
                0x00000b80       0x14 C:/Users/josep/gitrepos/mdu-embedded-systems/tivac_EK-TM4C1294XL_core/Debug\libtivac_EK-TM4C1294XL_core.a(WMath.o)
                0x00000b80                map(long, long, long, long, long)
 .text._EEPROMWaitForDone
                0x00000b94       0x10 C:/Users/josep/AppData/Local/Energia15/packages/energia/hardware/tivac/1.0.3/system/driverlib\libdriverlib.a(eeprom.o)
 .text._EEPROMSectorMaskClear
                0x00000ba4       0x34 C:/Users/josep/AppData/Local/Energia15/packages/energia/hardware/tivac/1.0.3/system/driverlib\libdriverlib.a(eeprom.o)
 .text.EEPROMMassErase
                0x00000bd8       0x58 C:/Users/josep/AppData/Local/Energia15/packages/energia/hardware/tivac/1.0.3/system/driverlib\libdriverlib.a(eeprom.o)
                0x00000bd8                EEPROMMassErase
 .text.GPIODirModeSet
                0x00000c30       0x2e C:/Users/josep/AppData/Local/Energia15/packages/energia/hardware/tivac/1.0.3/system/driverlib\libdriverlib.a(gpio.o)
                0x00000c30                GPIODirModeSet
 .text.GPIOPadConfigSet
                0x00000c5e      0x130 C:/Users/josep/AppData/Local/Energia15/packages/energia/hardware/tivac/1.0.3/system/driverlib\libdriverlib.a(gpio.o)
                0x00000c5e                GPIOPadConfigSet
 .text.GPIOIntStatus
                0x00000d8e        0xe C:/Users/josep/AppData/Local/Energia15/packages/energia/hardware/tivac/1.0.3/system/driverlib\libdriverlib.a(gpio.o)
                0x00000d8e                GPIOIntStatus
 .text.GPIOIntClear
                0x00000d9c        0x6 C:/Users/josep/AppData/Local/Energia15/packages/energia/hardware/tivac/1.0.3/system/driverlib\libdriverlib.a(gpio.o)
                0x00000d9c                GPIOIntClear
 .text.GPIOPinWrite
                0x00000da2        0x6 C:/Users/josep/AppData/Local/Energia15/packages/energia/hardware/tivac/1.0.3/system/driverlib\libdriverlib.a(gpio.o)
                0x00000da2                GPIOPinWrite
 .text.GPIOPinTypeGPIOOutput
                0x00000da8       0x1c C:/Users/josep/AppData/Local/Energia15/packages/energia/hardware/tivac/1.0.3/system/driverlib\libdriverlib.a(gpio.o)
                0x00000da8                GPIOPinTypeGPIOOutput
 .text.GPIOPinTypePWM
                0x00000dc4       0x1c C:/Users/josep/AppData/Local/Energia15/packages/energia/hardware/tivac/1.0.3/system/driverlib\libdriverlib.a(gpio.o)
                0x00000dc4                GPIOPinTypePWM
 .text.GPIOPinTypeUART
                0x00000de0       0x1c C:/Users/josep/AppData/Local/Energia15/packages/energia/hardware/tivac/1.0.3/system/driverlib\libdriverlib.a(gpio.o)
                0x00000de0                GPIOPinTypeUART
 .text.GPIOPinConfigure
                0x00000dfc       0x4c C:/Users/josep/AppData/Local/Energia15/packages/energia/hardware/tivac/1.0.3/system/driverlib\libdriverlib.a(gpio.o)
                0x00000dfc                GPIOPinConfigure
 .text.PWMGenConfigure
                0x00000e48       0x30 C:/Users/josep/AppData/Local/Energia15/packages/energia/hardware/tivac/1.0.3/system/driverlib\libdriverlib.a(pwm.o)
                0x00000e48                PWMGenConfigure
 .text.PWMGenPeriodSet
                0x00000e78       0x12 C:/Users/josep/AppData/Local/Energia15/packages/energia/hardware/tivac/1.0.3/system/driverlib\libdriverlib.a(pwm.o)
                0x00000e78                PWMGenPeriodSet
 .text.PWMGenEnable
                0x00000e8a        0xa C:/Users/josep/AppData/Local/Energia15/packages/energia/hardware/tivac/1.0.3/system/driverlib\libdriverlib.a(pwm.o)
                0x00000e8a                PWMGenEnable
 .text.PWMPulseWidthSet
                0x00000e94       0x1e C:/Users/josep/AppData/Local/Energia15/packages/energia/hardware/tivac/1.0.3/system/driverlib\libdriverlib.a(pwm.o)
                0x00000e94                PWMPulseWidthSet
 .text.PWMOutputState
                0x00000eb2       0x10 C:/Users/josep/AppData/Local/Energia15/packages/energia/hardware/tivac/1.0.3/system/driverlib\libdriverlib.a(pwm.o)
                0x00000eb2                PWMOutputState
 *fill*         0x00000ec2        0x2 
 .text._SysCtlMemTimingGet
                0x00000ec4       0x24 C:/Users/josep/AppData/Local/Energia15/packages/energia/hardware/tivac/1.0.3/system/driverlib\libdriverlib.a(sysctl.o)
 .text.SysCtlPeripheralPresent
                0x00000ee8       0x26 C:/Users/josep/AppData/Local/Energia15/packages/energia/hardware/tivac/1.0.3/system/driverlib\libdriverlib.a(sysctl.o)
                0x00000ee8                SysCtlPeripheralPresent
 .text.SysCtlPeripheralReady
                0x00000f0e       0x26 C:/Users/josep/AppData/Local/Energia15/packages/energia/hardware/tivac/1.0.3/system/driverlib\libdriverlib.a(sysctl.o)
                0x00000f0e                SysCtlPeripheralReady
 .text.SysCtlPeripheralReset
                0x00000f34       0x3a C:/Users/josep/AppData/Local/Energia15/packages/energia/hardware/tivac/1.0.3/system/driverlib\libdriverlib.a(sysctl.o)
                0x00000f34                SysCtlPeripheralReset
 .text.SysCtlPeripheralEnable
                0x00000f6e       0x22 C:/Users/josep/AppData/Local/Energia15/packages/energia/hardware/tivac/1.0.3/system/driverlib\libdriverlib.a(sysctl.o)
                0x00000f6e                SysCtlPeripheralEnable
 .text.SysCtlPeripheralDisable
                0x00000f90       0x22 C:/Users/josep/AppData/Local/Energia15/packages/energia/hardware/tivac/1.0.3/system/driverlib\libdriverlib.a(sysctl.o)
                0x00000f90                SysCtlPeripheralDisable
 *fill*         0x00000fb2        0x2 
 .text.SysCtlDeepSleepPowerSet
                0x00000fb4        0xc C:/Users/josep/AppData/Local/Energia15/packages/energia/hardware/tivac/1.0.3/system/driverlib\libdriverlib.a(sysctl.o)
                0x00000fb4                SysCtlDeepSleepPowerSet
 .text.SysCtlDelay
                0x00000fc0        0x8 C:/Users/josep/AppData/Local/Energia15/packages/energia/hardware/tivac/1.0.3/system/driverlib\libdriverlib.a(sysctl.o)
                0x00000fc0                SysCtlDelay
 .text.SysCtlClockFreqSet
                0x00000fc8      0x248 C:/Users/josep/AppData/Local/Energia15/packages/energia/hardware/tivac/1.0.3/system/driverlib\libdriverlib.a(sysctl.o)
                0x00000fc8                SysCtlClockFreqSet
 .text.SysCtlPWMClockSet
                0x00001210       0x14 C:/Users/josep/AppData/Local/Energia15/packages/energia/hardware/tivac/1.0.3/system/driverlib\libdriverlib.a(sysctl.o)
                0x00001210                SysCtlPWMClockSet
 .text.UARTEnable
                0x00001224       0x16 C:/Users/josep/AppData/Local/Energia15/packages/energia/hardware/tivac/1.0.3/system/driverlib\libdriverlib.a(uart.o)
                0x00001224                UARTEnable
 .text.UARTDisable
                0x0000123a       0x1c C:/Users/josep/AppData/Local/Energia15/packages/energia/hardware/tivac/1.0.3/system/driverlib\libdriverlib.a(uart.o)
                0x0000123a                UARTDisable
 .text.UARTConfigSetExpClk
                0x00001256       0x48 C:/Users/josep/AppData/Local/Energia15/packages/energia/hardware/tivac/1.0.3/system/driverlib\libdriverlib.a(uart.o)
                0x00001256                UARTConfigSetExpClk
 .text.UARTCharPut
                0x0000129e        0xa C:/Users/josep/AppData/Local/Energia15/packages/energia/hardware/tivac/1.0.3/system/driverlib\libdriverlib.a(uart.o)
                0x0000129e                UARTCharPut
 .text.UARTClockSourceSet
                0x000012a8        0x6 C:/Users/josep/AppData/Local/Energia15/packages/energia/hardware/tivac/1.0.3/system/driverlib\libdriverlib.a(uart.o)
                0x000012a8                UARTClockSourceSet
 *(.glue_7t)
 .glue_7t       0x000012ae        0x0 linker stubs
 *(.glue_7)
 .glue_7        0x000012ae        0x0 linker stubs
 *(.rodata .rodata* .gnu.linkonce.r.*)
 .rodata.UARTvprintf.str1.1
                0x000012ae       0x19 ./drivers/uartstdio.o
 *fill*         0x000012c7        0x1 
 .rodata.g_ui32UARTBase
                0x000012c8        0xc ./drivers/uartstdio.o
 .rodata.g_ui32UARTPeriph
                0x000012d4        0xc ./drivers/uartstdio.o
 .rodata.loop.str1.1
                0x000012e0        0x8 ./lab2_assignment2.o
 .rodata.digital_pin_to_analog_in
                0x000012e8      0x180 C:/Users/josep/gitrepos/mdu-embedded-systems/tivac_EK-TM4C1294XL_core/Debug\libtivac_EK-TM4C1294XL_core.a(wiring_digital.o)
                0x000012e8                digital_pin_to_analog_in
 .rodata.digital_pin_to_bit_mask
                0x00001468       0x60 C:/Users/josep/gitrepos/mdu-embedded-systems/tivac_EK-TM4C1294XL_core/Debug\libtivac_EK-TM4C1294XL_core.a(wiring_digital.o)
                0x00001468                digital_pin_to_bit_mask
 .rodata.digital_pin_to_port
                0x000014c8       0x60 C:/Users/josep/gitrepos/mdu-embedded-systems/tivac_EK-TM4C1294XL_core/Debug\libtivac_EK-TM4C1294XL_core.a(wiring_digital.o)
                0x000014c8                digital_pin_to_port
 .rodata.port_to_base
                0x00001528       0x40 C:/Users/josep/gitrepos/mdu-embedded-systems/tivac_EK-TM4C1294XL_core/Debug\libtivac_EK-TM4C1294XL_core.a(wiring_digital.o)
                0x00001528                port_to_base
 .rodata.g_pui32GPIOBaseAddrs
                0x00001568       0x90 C:/Users/josep/AppData/Local/Energia15/packages/energia/hardware/tivac/1.0.3/system/driverlib\libdriverlib.a(gpio.o)
 .rodata.g_pppui32XTALtoVCO
                0x000015f8      0x1b0 C:/Users/josep/AppData/Local/Energia15/packages/energia/hardware/tivac/1.0.3/system/driverlib\libdriverlib.a(sysctl.o)
 .rodata.g_pui32VCOFrequencies
                0x000017a8        0x8 C:/Users/josep/AppData/Local/Energia15/packages/energia/hardware/tivac/1.0.3/system/driverlib\libdriverlib.a(sysctl.o)
 .rodata.g_sXTALtoMEMTIM
                0x000017b0       0x30 C:/Users/josep/AppData/Local/Energia15/packages/energia/hardware/tivac/1.0.3/system/driverlib\libdriverlib.a(sysctl.o)
 .rodata.g_pui32Xtals
                0x000017e0       0x6c C:/Users/josep/AppData/Local/Energia15/packages/energia/hardware/tivac/1.0.3/system/driverlib\libdriverlib.a(sysctl.o)
 *(.ARM.extab* .gnu.linkonce.armextab.*)
                0x0000184c                . = ALIGN (0x4)
 *(.init)
                0x0000184c                . = ALIGN (0x4)
                0x0000184c                __preinit_array_start = .
 *(SORT(.preinit_array*))
 *(.preinit_array)
                0x0000184c                __preinit_array_end = .
                0x0000184c                . = ALIGN (0x4)
                0x0000184c                __init_array_start = .
 *(SORT(.init_array.*))
 *(.init_array)
                0x0000184c                __init_array_end = .
                0x0000184c                . = ALIGN (0x4)
 *(.fini)
                0x0000184c                . = ALIGN (0x4)
                0x0000184c                __fini_array_start = .
 *(.fini_array)
 *(SORT(.fini_array.*))
                0x0000184c                __fini_array_end = .
                0x0000184c                . = ALIGN (0x4)
                0x0000184c                _etext = .

.vfp11_veneer   0x0000184c        0x0
 .vfp11_veneer  0x0000184c        0x0 linker stubs

.v4_bx          0x0000184c        0x0
 .v4_bx         0x0000184c        0x0 linker stubs

.iplt           0x0000184c        0x0
 .iplt          0x0000184c        0x0 ./drivers/uartstdio.o

.rel.dyn        0x0000184c        0x0
 .rel.iplt      0x0000184c        0x0 ./drivers/uartstdio.o

.data           0x20000000        0x4 load address 0x0000184c
                0x20000000                . = ALIGN (0x4)
                0x20000000                _data = .
 *(vtable)
 *(.data .data* .gnu.linkonce.d.*)
 .data._readResolution
                0x20000000        0x4 C:/Users/josep/gitrepos/mdu-embedded-systems/tivac_EK-TM4C1294XL_core/Debug\libtivac_EK-TM4C1294XL_core.a(wiring_analog.o)
                0x20000004                _edata = .

.igot.plt       0x20000004        0x0 load address 0x00001850
 .igot.plt      0x20000004        0x0 ./drivers/uartstdio.o

.bss            0x20000004      0x27c load address 0x00001850
                0x20000004                . = ALIGN (0x4)
                0x20000004                _bss = .
 *(.bss .bss*)
 .bss.g_ui32Base
                0x20000004        0x4 ./drivers/uartstdio.o
 .bss.inputNumber
                0x20000008        0x4 ./lab2_assignment2.o
                0x20000008                inputNumber
 .bss.joystickCompoundValue
                0x2000000c        0x4 ./lab2_assignment2.o
                0x2000000c                joystickCompoundValue
 .bss.pwm_word  0x20000010        0x4 ./lab2_assignment2.o
                0x20000010                pwm_word
 .bss.x         0x20000014        0x2 ./lab2_assignment2.o
                0x20000014                x
 .bss.y         0x20000016        0x2 ./lab2_assignment2.o
                0x20000016                y
 .bss.cbFuncsA  0x20000018       0x20 C:/Users/josep/gitrepos/mdu-embedded-systems/tivac_EK-TM4C1294XL_core/Debug\libtivac_EK-TM4C1294XL_core.a(WInterrupts.o)
 .bss.cbFuncsB  0x20000038       0x20 C:/Users/josep/gitrepos/mdu-embedded-systems/tivac_EK-TM4C1294XL_core/Debug\libtivac_EK-TM4C1294XL_core.a(WInterrupts.o)
 .bss.cbFuncsC  0x20000058       0x20 C:/Users/josep/gitrepos/mdu-embedded-systems/tivac_EK-TM4C1294XL_core/Debug\libtivac_EK-TM4C1294XL_core.a(WInterrupts.o)
 .bss.cbFuncsD  0x20000078       0x20 C:/Users/josep/gitrepos/mdu-embedded-systems/tivac_EK-TM4C1294XL_core/Debug\libtivac_EK-TM4C1294XL_core.a(WInterrupts.o)
 .bss.cbFuncsE  0x20000098       0x20 C:/Users/josep/gitrepos/mdu-embedded-systems/tivac_EK-TM4C1294XL_core/Debug\libtivac_EK-TM4C1294XL_core.a(WInterrupts.o)
 .bss.cbFuncsF  0x200000b8       0x20 C:/Users/josep/gitrepos/mdu-embedded-systems/tivac_EK-TM4C1294XL_core/Debug\libtivac_EK-TM4C1294XL_core.a(WInterrupts.o)
 .bss.cbFuncsG  0x200000d8       0x20 C:/Users/josep/gitrepos/mdu-embedded-systems/tivac_EK-TM4C1294XL_core/Debug\libtivac_EK-TM4C1294XL_core.a(WInterrupts.o)
 .bss.cbFuncsH  0x200000f8       0x20 C:/Users/josep/gitrepos/mdu-embedded-systems/tivac_EK-TM4C1294XL_core/Debug\libtivac_EK-TM4C1294XL_core.a(WInterrupts.o)
 .bss.cbFuncsJ  0x20000118       0x20 C:/Users/josep/gitrepos/mdu-embedded-systems/tivac_EK-TM4C1294XL_core/Debug\libtivac_EK-TM4C1294XL_core.a(WInterrupts.o)
 .bss.cbFuncsK  0x20000138       0x20 C:/Users/josep/gitrepos/mdu-embedded-systems/tivac_EK-TM4C1294XL_core/Debug\libtivac_EK-TM4C1294XL_core.a(WInterrupts.o)
 .bss.cbFuncsL  0x20000158       0x20 C:/Users/josep/gitrepos/mdu-embedded-systems/tivac_EK-TM4C1294XL_core/Debug\libtivac_EK-TM4C1294XL_core.a(WInterrupts.o)
 .bss.cbFuncsM  0x20000178       0x20 C:/Users/josep/gitrepos/mdu-embedded-systems/tivac_EK-TM4C1294XL_core/Debug\libtivac_EK-TM4C1294XL_core.a(WInterrupts.o)
 .bss.cbFuncsN  0x20000198       0x20 C:/Users/josep/gitrepos/mdu-embedded-systems/tivac_EK-TM4C1294XL_core/Debug\libtivac_EK-TM4C1294XL_core.a(WInterrupts.o)
 .bss.cbFuncsP  0x200001b8       0x20 C:/Users/josep/gitrepos/mdu-embedded-systems/tivac_EK-TM4C1294XL_core/Debug\libtivac_EK-TM4C1294XL_core.a(WInterrupts.o)
 .bss.cbFuncsQ  0x200001d8       0x20 C:/Users/josep/gitrepos/mdu-embedded-systems/tivac_EK-TM4C1294XL_core/Debug\libtivac_EK-TM4C1294XL_core.a(WInterrupts.o)
 .bss.cbFuncsR  0x200001f8       0x20 C:/Users/josep/gitrepos/mdu-embedded-systems/tivac_EK-TM4C1294XL_core/Debug\libtivac_EK-TM4C1294XL_core.a(WInterrupts.o)
 .bss.cbFuncsS  0x20000218       0x20 C:/Users/josep/gitrepos/mdu-embedded-systems/tivac_EK-TM4C1294XL_core/Debug\libtivac_EK-TM4C1294XL_core.a(WInterrupts.o)
 .bss.cbFuncsT  0x20000238       0x20 C:/Users/josep/gitrepos/mdu-embedded-systems/tivac_EK-TM4C1294XL_core/Debug\libtivac_EK-TM4C1294XL_core.a(WInterrupts.o)
 .bss.SysTickCbFuncs
                0x20000258       0x20 C:/Users/josep/gitrepos/mdu-embedded-systems/tivac_EK-TM4C1294XL_core/Debug\libtivac_EK-TM4C1294XL_core.a(wiring.o)
 .bss.milliseconds
                0x20000278        0x4 C:/Users/josep/gitrepos/mdu-embedded-systems/tivac_EK-TM4C1294XL_core/Debug\libtivac_EK-TM4C1294XL_core.a(wiring.o)
 *(COMMON)
                0x2000027c                . = ALIGN (0x4)
                0x2000027c                _ebss = .
                0x20000280                . = ALIGN (0x8)
 *fill*         0x2000027c        0x4 
                [!provide]                PROVIDE (__exidx_start, .)

.ARM.exidx
 *(.ARM.exidx* .gnu.linkonce.armexidx.*)
                [!provide]                PROVIDE (__exidx_end, .)
                0x20000280                . = ALIGN (0x4)
                0x20000280                _end = .
                0x20000280                PROVIDE (end, _end)
                0x20040000                PROVIDE (_estack, (ORIGIN (ram) + LENGTH (ram)))
LOAD C:/Users/josep/gitrepos/mdu-embedded-systems/tivac_EK-TM4C1294XL_SPI/Debug\libtivac_EK-TM4C1294XL_SPI.a
LOAD C:/Users/josep/gitrepos/mdu-embedded-systems/tivac_EK-TM4C1294XL_core/Debug\libtivac_EK-TM4C1294XL_core.a
LOAD C:/Users/josep/AppData/Local/Energia15/packages/energia/hardware/tivac/1.0.3/system/driverlib\libdriverlib.a
LOAD c:/users/josep/appdata/local/energia15/packages/energia/tools/arm-none-eabi-gcc/6.3.1-20170620/bin/../lib/gcc/arm-none-eabi/6.3.1/../../../../arm-none-eabi/lib/thumb/v7e-m/fpv4-sp/hard\libm.a
LOAD c:/users/josep/appdata/local/energia15/packages/energia/tools/arm-none-eabi-gcc/6.3.1-20170620/bin/../lib/gcc/arm-none-eabi/6.3.1/../../../../arm-none-eabi/lib/thumb/v7e-m/fpv4-sp/hard\libc_nano.a
LOAD c:/users/josep/appdata/local/energia15/packages/energia/tools/arm-none-eabi-gcc/6.3.1-20170620/bin/../lib/gcc/arm-none-eabi/6.3.1/thumb/v7e-m/fpv4-sp/hard\libgcc.a
END GROUP
OUTPUT(lab2_assignment2.out elf32-littlearm)

.debug_info     0x00000000     0x96a7
 .debug_info    0x00000000      0x398 ./drivers/uartstdio.o
 .debug_info    0x00000398     0x1788 ./lab2_assignment2.o
 .debug_info    0x00001b20     0x1401 C:/Users/josep/gitrepos/mdu-embedded-systems/tivac_EK-TM4C1294XL_core/Debug\libtivac_EK-TM4C1294XL_core.a(startup_gcc.o)
 .debug_info    0x00002f21     0x119f C:/Users/josep/gitrepos/mdu-embedded-systems/tivac_EK-TM4C1294XL_core/Debug\libtivac_EK-TM4C1294XL_core.a(WInterrupts.o)
 .debug_info    0x000040c0     0x1015 C:/Users/josep/gitrepos/mdu-embedded-systems/tivac_EK-TM4C1294XL_core/Debug\libtivac_EK-TM4C1294XL_core.a(wiring.o)
 .debug_info    0x000050d5     0x1112 C:/Users/josep/gitrepos/mdu-embedded-systems/tivac_EK-TM4C1294XL_core/Debug\libtivac_EK-TM4C1294XL_core.a(wiring_analog.o)
 .debug_info    0x000061e7      0xf95 C:/Users/josep/gitrepos/mdu-embedded-systems/tivac_EK-TM4C1294XL_core/Debug\libtivac_EK-TM4C1294XL_core.a(wiring_digital.o)
 .debug_info    0x0000717c     0x152f C:/Users/josep/gitrepos/mdu-embedded-systems/tivac_EK-TM4C1294XL_core/Debug\libtivac_EK-TM4C1294XL_core.a(main.o)
 .debug_info    0x000086ab      0xffc C:/Users/josep/gitrepos/mdu-embedded-systems/tivac_EK-TM4C1294XL_core/Debug\libtivac_EK-TM4C1294XL_core.a(WMath.o)

.debug_abbrev   0x00000000     0x18f8
 .debug_abbrev  0x00000000      0x142 ./drivers/uartstdio.o
 .debug_abbrev  0x00000142      0x3f5 ./lab2_assignment2.o
 .debug_abbrev  0x00000537      0x2e0 C:/Users/josep/gitrepos/mdu-embedded-systems/tivac_EK-TM4C1294XL_core/Debug\libtivac_EK-TM4C1294XL_core.a(startup_gcc.o)
 .debug_abbrev  0x00000817      0x293 C:/Users/josep/gitrepos/mdu-embedded-systems/tivac_EK-TM4C1294XL_core/Debug\libtivac_EK-TM4C1294XL_core.a(WInterrupts.o)
 .debug_abbrev  0x00000aaa      0x2d7 C:/Users/josep/gitrepos/mdu-embedded-systems/tivac_EK-TM4C1294XL_core/Debug\libtivac_EK-TM4C1294XL_core.a(wiring.o)
 .debug_abbrev  0x00000d81      0x31b C:/Users/josep/gitrepos/mdu-embedded-systems/tivac_EK-TM4C1294XL_core/Debug\libtivac_EK-TM4C1294XL_core.a(wiring_analog.o)
 .debug_abbrev  0x0000109c      0x25e C:/Users/josep/gitrepos/mdu-embedded-systems/tivac_EK-TM4C1294XL_core/Debug\libtivac_EK-TM4C1294XL_core.a(wiring_digital.o)
 .debug_abbrev  0x000012fa      0x31c C:/Users/josep/gitrepos/mdu-embedded-systems/tivac_EK-TM4C1294XL_core/Debug\libtivac_EK-TM4C1294XL_core.a(main.o)
 .debug_abbrev  0x00001616      0x2e2 C:/Users/josep/gitrepos/mdu-embedded-systems/tivac_EK-TM4C1294XL_core/Debug\libtivac_EK-TM4C1294XL_core.a(WMath.o)

.debug_loc      0x00000000      0xf7f
 .debug_loc     0x00000000      0x3b4 ./drivers/uartstdio.o
 .debug_loc     0x000003b4       0x31 ./lab2_assignment2.o
 .debug_loc     0x000003e5      0x135 C:/Users/josep/gitrepos/mdu-embedded-systems/tivac_EK-TM4C1294XL_core/Debug\libtivac_EK-TM4C1294XL_core.a(startup_gcc.o)
 .debug_loc     0x0000051a      0x275 C:/Users/josep/gitrepos/mdu-embedded-systems/tivac_EK-TM4C1294XL_core/Debug\libtivac_EK-TM4C1294XL_core.a(WInterrupts.o)
 .debug_loc     0x0000078f       0xcc C:/Users/josep/gitrepos/mdu-embedded-systems/tivac_EK-TM4C1294XL_core/Debug\libtivac_EK-TM4C1294XL_core.a(wiring.o)
 .debug_loc     0x0000085b      0x2f2 C:/Users/josep/gitrepos/mdu-embedded-systems/tivac_EK-TM4C1294XL_core/Debug\libtivac_EK-TM4C1294XL_core.a(wiring_analog.o)
 .debug_loc     0x00000b4d      0x379 C:/Users/josep/gitrepos/mdu-embedded-systems/tivac_EK-TM4C1294XL_core/Debug\libtivac_EK-TM4C1294XL_core.a(wiring_digital.o)
 .debug_loc     0x00000ec6       0xb9 C:/Users/josep/gitrepos/mdu-embedded-systems/tivac_EK-TM4C1294XL_core/Debug\libtivac_EK-TM4C1294XL_core.a(WMath.o)

.debug_aranges  0x00000000      0x338
 .debug_aranges
                0x00000000       0x48 ./drivers/uartstdio.o
 .debug_aranges
                0x00000048       0x38 ./lab2_assignment2.o
 .debug_aranges
                0x00000080       0x90 C:/Users/josep/gitrepos/mdu-embedded-systems/tivac_EK-TM4C1294XL_core/Debug\libtivac_EK-TM4C1294XL_core.a(startup_gcc.o)
 .debug_aranges
                0x00000110       0xc0 C:/Users/josep/gitrepos/mdu-embedded-systems/tivac_EK-TM4C1294XL_core/Debug\libtivac_EK-TM4C1294XL_core.a(WInterrupts.o)
 .debug_aranges
                0x000001d0       0x70 C:/Users/josep/gitrepos/mdu-embedded-systems/tivac_EK-TM4C1294XL_core/Debug\libtivac_EK-TM4C1294XL_core.a(wiring.o)
 .debug_aranges
                0x00000240       0x58 C:/Users/josep/gitrepos/mdu-embedded-systems/tivac_EK-TM4C1294XL_core/Debug\libtivac_EK-TM4C1294XL_core.a(wiring_analog.o)
 .debug_aranges
                0x00000298       0x30 C:/Users/josep/gitrepos/mdu-embedded-systems/tivac_EK-TM4C1294XL_core/Debug\libtivac_EK-TM4C1294XL_core.a(wiring_digital.o)
 .debug_aranges
                0x000002c8       0x28 C:/Users/josep/gitrepos/mdu-embedded-systems/tivac_EK-TM4C1294XL_core/Debug\libtivac_EK-TM4C1294XL_core.a(main.o)
 .debug_aranges
                0x000002f0       0x48 C:/Users/josep/gitrepos/mdu-embedded-systems/tivac_EK-TM4C1294XL_core/Debug\libtivac_EK-TM4C1294XL_core.a(WMath.o)

.debug_ranges   0x00000000      0x2f0
 .debug_ranges  0x00000000       0x38 ./drivers/uartstdio.o
 .debug_ranges  0x00000038       0x28 ./lab2_assignment2.o
 .debug_ranges  0x00000060       0x80 C:/Users/josep/gitrepos/mdu-embedded-systems/tivac_EK-TM4C1294XL_core/Debug\libtivac_EK-TM4C1294XL_core.a(startup_gcc.o)
 .debug_ranges  0x000000e0       0xb0 C:/Users/josep/gitrepos/mdu-embedded-systems/tivac_EK-TM4C1294XL_core/Debug\libtivac_EK-TM4C1294XL_core.a(WInterrupts.o)
 .debug_ranges  0x00000190       0x90 C:/Users/josep/gitrepos/mdu-embedded-systems/tivac_EK-TM4C1294XL_core/Debug\libtivac_EK-TM4C1294XL_core.a(wiring.o)
 .debug_ranges  0x00000220       0x60 C:/Users/josep/gitrepos/mdu-embedded-systems/tivac_EK-TM4C1294XL_core/Debug\libtivac_EK-TM4C1294XL_core.a(wiring_analog.o)
 .debug_ranges  0x00000280       0x20 C:/Users/josep/gitrepos/mdu-embedded-systems/tivac_EK-TM4C1294XL_core/Debug\libtivac_EK-TM4C1294XL_core.a(wiring_digital.o)
 .debug_ranges  0x000002a0       0x18 C:/Users/josep/gitrepos/mdu-embedded-systems/tivac_EK-TM4C1294XL_core/Debug\libtivac_EK-TM4C1294XL_core.a(main.o)
 .debug_ranges  0x000002b8       0x38 C:/Users/josep/gitrepos/mdu-embedded-systems/tivac_EK-TM4C1294XL_core/Debug\libtivac_EK-TM4C1294XL_core.a(WMath.o)

.debug_line     0x00000000     0x299b
 .debug_line    0x00000000      0x36e ./drivers/uartstdio.o
 .debug_line    0x0000036e      0x639 ./lab2_assignment2.o
 .debug_line    0x000009a7      0x4ac C:/Users/josep/gitrepos/mdu-embedded-systems/tivac_EK-TM4C1294XL_core/Debug\libtivac_EK-TM4C1294XL_core.a(startup_gcc.o)
 .debug_line    0x00000e53      0x55f C:/Users/josep/gitrepos/mdu-embedded-systems/tivac_EK-TM4C1294XL_core/Debug\libtivac_EK-TM4C1294XL_core.a(WInterrupts.o)
 .debug_line    0x000013b2      0x4ba C:/Users/josep/gitrepos/mdu-embedded-systems/tivac_EK-TM4C1294XL_core/Debug\libtivac_EK-TM4C1294XL_core.a(wiring.o)
 .debug_line    0x0000186c      0x43d C:/Users/josep/gitrepos/mdu-embedded-systems/tivac_EK-TM4C1294XL_core/Debug\libtivac_EK-TM4C1294XL_core.a(wiring_analog.o)
 .debug_line    0x00001ca9      0x3b2 C:/Users/josep/gitrepos/mdu-embedded-systems/tivac_EK-TM4C1294XL_core/Debug\libtivac_EK-TM4C1294XL_core.a(wiring_digital.o)
 .debug_line    0x0000205b      0x54a C:/Users/josep/gitrepos/mdu-embedded-systems/tivac_EK-TM4C1294XL_core/Debug\libtivac_EK-TM4C1294XL_core.a(main.o)
 .debug_line    0x000025a5      0x3f6 C:/Users/josep/gitrepos/mdu-embedded-systems/tivac_EK-TM4C1294XL_core/Debug\libtivac_EK-TM4C1294XL_core.a(WMath.o)

.debug_str      0x00000000     0x1910
 .debug_str     0x00000000      0x315 ./drivers/uartstdio.o
                                0x377 (size before relaxing)
 .debug_str     0x00000315      0xb7c ./lab2_assignment2.o
                                0xd12 (size before relaxing)
 .debug_str     0x00000e91      0x375 C:/Users/josep/gitrepos/mdu-embedded-systems/tivac_EK-TM4C1294XL_core/Debug\libtivac_EK-TM4C1294XL_core.a(startup_gcc.o)
                                0xc3c (size before relaxing)
 .debug_str     0x00001206      0x287 C:/Users/josep/gitrepos/mdu-embedded-systems/tivac_EK-TM4C1294XL_core/Debug\libtivac_EK-TM4C1294XL_core.a(WInterrupts.o)
                                0xb51 (size before relaxing)
 .debug_str     0x0000148d      0x151 C:/Users/josep/gitrepos/mdu-embedded-systems/tivac_EK-TM4C1294XL_core/Debug\libtivac_EK-TM4C1294XL_core.a(wiring.o)
                                0x9d7 (size before relaxing)
 .debug_str     0x000015de      0x13b C:/Users/josep/gitrepos/mdu-embedded-systems/tivac_EK-TM4C1294XL_core/Debug\libtivac_EK-TM4C1294XL_core.a(wiring_analog.o)
                                0x9f6 (size before relaxing)
 .debug_str     0x00001719       0x8b C:/Users/josep/gitrepos/mdu-embedded-systems/tivac_EK-TM4C1294XL_core/Debug\libtivac_EK-TM4C1294XL_core.a(wiring_digital.o)
                                0x929 (size before relaxing)
 .debug_str     0x000017a4       0x6d C:/Users/josep/gitrepos/mdu-embedded-systems/tivac_EK-TM4C1294XL_core/Debug\libtivac_EK-TM4C1294XL_core.a(main.o)
                                0xb8b (size before relaxing)
 .debug_str     0x00001811       0xff C:/Users/josep/gitrepos/mdu-embedded-systems/tivac_EK-TM4C1294XL_core/Debug\libtivac_EK-TM4C1294XL_core.a(WMath.o)
                                0x873 (size before relaxing)

.comment        0x00000000       0xef
 .comment       0x00000000       0x7f ./drivers/uartstdio.o
                                 0x80 (size before relaxing)
 .comment       0x0000007f       0x80 ./lab2_assignment2.o
 .comment       0x0000007f       0x80 C:/Users/josep/gitrepos/mdu-embedded-systems/tivac_EK-TM4C1294XL_core/Debug\libtivac_EK-TM4C1294XL_core.a(startup_gcc.o)
 .comment       0x0000007f       0x80 C:/Users/josep/gitrepos/mdu-embedded-systems/tivac_EK-TM4C1294XL_core/Debug\libtivac_EK-TM4C1294XL_core.a(WInterrupts.o)
 .comment       0x0000007f       0x80 C:/Users/josep/gitrepos/mdu-embedded-systems/tivac_EK-TM4C1294XL_core/Debug\libtivac_EK-TM4C1294XL_core.a(wiring.o)
 .comment       0x0000007f       0x80 C:/Users/josep/gitrepos/mdu-embedded-systems/tivac_EK-TM4C1294XL_core/Debug\libtivac_EK-TM4C1294XL_core.a(wiring_analog.o)
 .comment       0x0000007f       0x80 C:/Users/josep/gitrepos/mdu-embedded-systems/tivac_EK-TM4C1294XL_core/Debug\libtivac_EK-TM4C1294XL_core.a(wiring_digital.o)
 .comment       0x0000007f       0x80 C:/Users/josep/gitrepos/mdu-embedded-systems/tivac_EK-TM4C1294XL_core/Debug\libtivac_EK-TM4C1294XL_core.a(main.o)
 .comment       0x0000007f       0x80 C:/Users/josep/gitrepos/mdu-embedded-systems/tivac_EK-TM4C1294XL_core/Debug\libtivac_EK-TM4C1294XL_core.a(WMath.o)
 .comment       0x0000007f       0x70 C:/Users/josep/AppData/Local/Energia15/packages/energia/hardware/tivac/1.0.3/system/driverlib\libdriverlib.a(eeprom.o)
                                 0x71 (size before relaxing)
 .comment       0x000000ef       0x71 C:/Users/josep/AppData/Local/Energia15/packages/energia/hardware/tivac/1.0.3/system/driverlib\libdriverlib.a(gpio.o)
 .comment       0x000000ef       0x71 C:/Users/josep/AppData/Local/Energia15/packages/energia/hardware/tivac/1.0.3/system/driverlib\libdriverlib.a(pwm.o)
 .comment       0x000000ef       0x71 C:/Users/josep/AppData/Local/Energia15/packages/energia/hardware/tivac/1.0.3/system/driverlib\libdriverlib.a(sysctl.o)
 .comment       0x000000ef       0x71 C:/Users/josep/AppData/Local/Energia15/packages/energia/hardware/tivac/1.0.3/system/driverlib\libdriverlib.a(uart.o)

.ARM.attributes
                0x00000000       0x39
 .ARM.attributes
                0x00000000       0x39 ./drivers/uartstdio.o
 .ARM.attributes
                0x00000039       0x39 ./lab2_assignment2.o
 .ARM.attributes
                0x00000072       0x39 C:/Users/josep/gitrepos/mdu-embedded-systems/tivac_EK-TM4C1294XL_core/Debug\libtivac_EK-TM4C1294XL_core.a(startup_gcc.o)
 .ARM.attributes
                0x000000ab       0x39 C:/Users/josep/gitrepos/mdu-embedded-systems/tivac_EK-TM4C1294XL_core/Debug\libtivac_EK-TM4C1294XL_core.a(WInterrupts.o)
 .ARM.attributes
                0x000000e4       0x39 C:/Users/josep/gitrepos/mdu-embedded-systems/tivac_EK-TM4C1294XL_core/Debug\libtivac_EK-TM4C1294XL_core.a(wiring.o)
 .ARM.attributes
                0x0000011d       0x39 C:/Users/josep/gitrepos/mdu-embedded-systems/tivac_EK-TM4C1294XL_core/Debug\libtivac_EK-TM4C1294XL_core.a(wiring_analog.o)
 .ARM.attributes
                0x00000156       0x39 C:/Users/josep/gitrepos/mdu-embedded-systems/tivac_EK-TM4C1294XL_core/Debug\libtivac_EK-TM4C1294XL_core.a(wiring_digital.o)
 .ARM.attributes
                0x0000018f       0x39 C:/Users/josep/gitrepos/mdu-embedded-systems/tivac_EK-TM4C1294XL_core/Debug\libtivac_EK-TM4C1294XL_core.a(main.o)
 .ARM.attributes
                0x000001c8       0x39 C:/Users/josep/gitrepos/mdu-embedded-systems/tivac_EK-TM4C1294XL_core/Debug\libtivac_EK-TM4C1294XL_core.a(WMath.o)
 .ARM.attributes
                0x00000201       0x3b C:/Users/josep/AppData/Local/Energia15/packages/energia/hardware/tivac/1.0.3/system/driverlib\libdriverlib.a(eeprom.o)
 .ARM.attributes
                0x0000023c       0x3b C:/Users/josep/AppData/Local/Energia15/packages/energia/hardware/tivac/1.0.3/system/driverlib\libdriverlib.a(gpio.o)
 .ARM.attributes
                0x00000277       0x3b C:/Users/josep/AppData/Local/Energia15/packages/energia/hardware/tivac/1.0.3/system/driverlib\libdriverlib.a(pwm.o)
 .ARM.attributes
                0x000002b2       0x3b C:/Users/josep/AppData/Local/Energia15/packages/energia/hardware/tivac/1.0.3/system/driverlib\libdriverlib.a(sysctl.o)
 .ARM.attributes
                0x000002ed       0x3b C:/Users/josep/AppData/Local/Energia15/packages/energia/hardware/tivac/1.0.3/system/driverlib\libdriverlib.a(uart.o)

.debug_frame    0x00000000      0x844
 .debug_frame   0x00000000       0xf4 ./drivers/uartstdio.o
 .debug_frame   0x000000f4       0xa8 ./lab2_assignment2.o
 .debug_frame   0x0000019c      0x1b0 C:/Users/josep/gitrepos/mdu-embedded-systems/tivac_EK-TM4C1294XL_core/Debug\libtivac_EK-TM4C1294XL_core.a(startup_gcc.o)
 .debug_frame   0x0000034c      0x194 C:/Users/josep/gitrepos/mdu-embedded-systems/tivac_EK-TM4C1294XL_core/Debug\libtivac_EK-TM4C1294XL_core.a(WInterrupts.o)
 .debug_frame   0x000004e0      0x13c C:/Users/josep/gitrepos/mdu-embedded-systems/tivac_EK-TM4C1294XL_core/Debug\libtivac_EK-TM4C1294XL_core.a(wiring.o)
 .debug_frame   0x0000061c       0xe4 C:/Users/josep/gitrepos/mdu-embedded-systems/tivac_EK-TM4C1294XL_core/Debug\libtivac_EK-TM4C1294XL_core.a(wiring_analog.o)
 .debug_frame   0x00000700       0x74 C:/Users/josep/gitrepos/mdu-embedded-systems/tivac_EK-TM4C1294XL_core/Debug\libtivac_EK-TM4C1294XL_core.a(wiring_digital.o)
 .debug_frame   0x00000774       0x48 C:/Users/josep/gitrepos/mdu-embedded-systems/tivac_EK-TM4C1294XL_core/Debug\libtivac_EK-TM4C1294XL_core.a(main.o)
 .debug_frame   0x000007bc       0x88 C:/Users/josep/gitrepos/mdu-embedded-systems/tivac_EK-TM4C1294XL_core/Debug\libtivac_EK-TM4C1294XL_core.a(WMath.o)
